<?xml version="1.0" encoding="utf-8"?>
<TestRun id="f80129b5-35e5-4b69-a217-d508b7ece307" name="@Amris-MacBook-Pro 2025-09-24 08:17:26" xmlns="http://microsoft.com/schemas/VisualStudio/TeamTest/2010">
  <Times creation="2025-09-24T08:17:26.9853220+05:30" queuing="2025-09-24T08:17:26.9853220+05:30" start="2025-09-24T08:17:19.9862710+05:30" finish="2025-09-24T08:17:27.9148770+05:30" />
  <TestSettings name="default" id="a4c9f2df-b526-4a54-a630-eee5959bab02">
    <Deployment runDeploymentRoot="_Amris-MacBook-Pro_2025-09-24_08_17_26" />
  </TestSettings>
  <Results>
    <UnitTestResult executionId="87dc0b42-c8ca-4300-90d1-91812ff6940a" testId="633cdddf-13bd-5529-ab4a-f1ef4d6adfa7" testName="PetCare.Application.Tests.Pets.Commands.CreatePetCommandHandlerTests.Handle_CommandWithoutOptionalFields_ShouldCreatePetWithNullValues" computerName="Amris-MacBook-Pro" duration="00:00:00.1881722" startTime="2025-09-24T08:17:26.9541300+05:30" endTime="2025-09-24T08:17:26.9541310+05:30" testType="13cdc9d9-ddb5-4fa4-a97d-d965ccfc6d4b" outcome="Passed" testListId="8c84fa94-04c1-424b-9868-57a2d4851a1d" relativeResultsDirectory="87dc0b42-c8ca-4300-90d1-91812ff6940a" />
    <UnitTestResult executionId="4f961659-6798-4c93-a9cb-84b82e291b26" testId="38476ef2-7410-5883-5cca-3adf1c77e313" testName="PetCare.Application.Tests.Pets.Commands.CreatePetCommandValidatorTests.Validate_InvalidSpecies_ShouldHaveValidationError" computerName="Amris-MacBook-Pro" duration="00:00:00.0049523" startTime="2025-09-24T08:17:26.8211680+05:30" endTime="2025-09-24T08:17:26.8211680+05:30" testType="13cdc9d9-ddb5-4fa4-a97d-d965ccfc6d4b" outcome="Passed" testListId="8c84fa94-04c1-424b-9868-57a2d4851a1d" relativeResultsDirectory="4f961659-6798-4c93-a9cb-84b82e291b26" />
    <UnitTestResult executionId="ecc57c91-c3c1-469c-a63f-26621740b1d3" testId="e34772e3-5f56-1b75-59d0-bc845d517619" testName="PetCare.Application.Tests.Pets.Commands.CreatePetCommandValidatorTests.Validate_DateOfBirthInFuture_ShouldHaveValidationError" computerName="Amris-MacBook-Pro" duration="00:00:00.0897959" startTime="2025-09-24T08:17:26.8051290+05:30" endTime="2025-09-24T08:17:26.8051640+05:30" testType="13cdc9d9-ddb5-4fa4-a97d-d965ccfc6d4b" outcome="Passed" testListId="8c84fa94-04c1-424b-9868-57a2d4851a1d" relativeResultsDirectory="ecc57c91-c3c1-469c-a63f-26621740b1d3" />
    <UnitTestResult executionId="7962c8a2-be33-4b4c-b836-ae7d6325f462" testId="ded1fe5f-6542-57e6-72fb-6ed9d33b90ed" testName="PetCare.Application.Tests.Pets.Commands.CreatePetCommandValidatorTests.Validate_WeightZeroOrNegative_ShouldHaveValidationError(weight: 0)" computerName="Amris-MacBook-Pro" duration="00:00:00.0001608" startTime="2025-09-24T08:17:26.9392470+05:30" endTime="2025-09-24T08:17:26.9392470+05:30" testType="13cdc9d9-ddb5-4fa4-a97d-d965ccfc6d4b" outcome="Passed" testListId="8c84fa94-04c1-424b-9868-57a2d4851a1d" relativeResultsDirectory="7962c8a2-be33-4b4c-b836-ae7d6325f462" />
    <UnitTestResult executionId="e225d1b3-5958-4a33-aea5-f412e8f38fa5" testId="b0100463-b238-63cb-a683-66698b65a13c" testName="PetCare.Application.Tests.Pets.Queries.GetPetByIdQueryHandlerTests.Handle_WithCancellationToken_ShouldPassTokenToRepository" computerName="Amris-MacBook-Pro" duration="00:00:00.1632027" startTime="2025-09-24T08:17:26.9516910+05:30" endTime="2025-09-24T08:17:26.9516910+05:30" testType="13cdc9d9-ddb5-4fa4-a97d-d965ccfc6d4b" outcome="Passed" testListId="8c84fa94-04c1-424b-9868-57a2d4851a1d" relativeResultsDirectory="e225d1b3-5958-4a33-aea5-f412e8f38fa5" />
    <UnitTestResult executionId="6b5ce0ab-c0d8-426f-b9fe-a39a929f7d37" testId="1c40cf47-7f0d-81c4-d104-69f555c95416" testName="PetCare.Application.Tests.Pets.Commands.UpdatePetCommandHandlerTests.Handle_UpdateWithNullOptionalFields_ShouldUpdatePetCorrectly" computerName="Amris-MacBook-Pro" duration="00:00:00.0052972" startTime="2025-09-24T08:17:26.9602540+05:30" endTime="2025-09-24T08:17:26.9602540+05:30" testType="13cdc9d9-ddb5-4fa4-a97d-d965ccfc6d4b" outcome="Passed" testListId="8c84fa94-04c1-424b-9868-57a2d4851a1d" relativeResultsDirectory="6b5ce0ab-c0d8-426f-b9fe-a39a929f7d37" />
    <UnitTestResult executionId="1885cb07-fea7-4c88-8b72-5b1274d4e66d" testId="be1404cc-8eea-0475-659f-eee1de223e22" testName="PetCare.Application.Tests.Pets.Queries.GetPetByIdQueryHandlerTests.Handle_WhenPetExists_ShouldReturnPetDto" computerName="Amris-MacBook-Pro" duration="00:00:00.0064420" startTime="2025-09-24T08:17:26.9569700+05:30" endTime="2025-09-24T08:17:26.9569700+05:30" testType="13cdc9d9-ddb5-4fa4-a97d-d965ccfc6d4b" outcome="Passed" testListId="8c84fa94-04c1-424b-9868-57a2d4851a1d" relativeResultsDirectory="1885cb07-fea7-4c88-8b72-5b1274d4e66d" />
    <UnitTestResult executionId="2d421dd9-9958-4901-ba86-6299fba710da" testId="ec970f7e-ba86-07ed-270b-553e13dd5600" testName="PetCare.Application.Tests.Pets.Queries.GetPetByIdQueryHandlerTests.Handle_PetWithCompleteData_ShouldMapAllFieldsCorrectly" computerName="Amris-MacBook-Pro" duration="00:00:00.0105243" startTime="2025-09-24T08:17:26.9561900+05:30" endTime="2025-09-24T08:17:26.9561900+05:30" testType="13cdc9d9-ddb5-4fa4-a97d-d965ccfc6d4b" outcome="Passed" testListId="8c84fa94-04c1-424b-9868-57a2d4851a1d" relativeResultsDirectory="2d421dd9-9958-4901-ba86-6299fba710da" />
    <UnitTestResult executionId="04ab6d4c-521d-4c50-b3a3-4d5d7c8efe28" testId="5822ec59-0654-41cd-9c94-bffd01c11a9f" testName="PetCare.Application.Tests.Pets.Queries.GetPetsQueryHandlerTests.Handle_WithCancellationToken_ShouldPassTokenToRepository" computerName="Amris-MacBook-Pro" duration="00:00:00.1631439" startTime="2025-09-24T08:17:26.9493830+05:30" endTime="2025-09-24T08:17:26.9493830+05:30" testType="13cdc9d9-ddb5-4fa4-a97d-d965ccfc6d4b" outcome="Passed" testListId="8c84fa94-04c1-424b-9868-57a2d4851a1d" relativeResultsDirectory="04ab6d4c-521d-4c50-b3a3-4d5d7c8efe28" />
    <UnitTestResult executionId="858b1b3a-1467-405b-abeb-bd7feadca596" testId="0b9a1f52-5199-216c-9902-90c5b44a99b6" testName="PetCare.Application.Tests.Pets.Queries.GetPetsQueryHandlerTests.Handle_PetsWithVariousProperties_ShouldMapCorrectly" computerName="Amris-MacBook-Pro" duration="00:00:00.0118711" startTime="2025-09-24T08:17:26.9551940+05:30" endTime="2025-09-24T08:17:26.9551940+05:30" testType="13cdc9d9-ddb5-4fa4-a97d-d965ccfc6d4b" outcome="Passed" testListId="8c84fa94-04c1-424b-9868-57a2d4851a1d" relativeResultsDirectory="858b1b3a-1467-405b-abeb-bd7feadca596" />
    <UnitTestResult executionId="d5c234e2-ab65-4e21-a00e-0482a0d73b1e" testId="c3b073ae-8f09-1687-0881-dd0820d88887" testName="PetCare.Application.Tests.Pets.Commands.CreatePetCommandValidatorTests.Validate_ColorTooLong_ShouldHaveValidationError" computerName="Amris-MacBook-Pro" duration="00:00:00.0006909" startTime="2025-09-24T08:17:26.9208850+05:30" endTime="2025-09-24T08:17:26.9208850+05:30" testType="13cdc9d9-ddb5-4fa4-a97d-d965ccfc6d4b" outcome="Passed" testListId="8c84fa94-04c1-424b-9868-57a2d4851a1d" relativeResultsDirectory="d5c234e2-ab65-4e21-a00e-0482a0d73b1e" />
    <UnitTestResult executionId="2af30099-1c62-4771-890b-37b255e4b8ab" testId="78b6d89d-7c37-ad82-06e6-b6638ba431e5" testName="PetCare.Application.Tests.Pets.Commands.UpdatePetCommandHandlerTests.Handle_PetNotFound_ShouldThrowArgumentException" computerName="Amris-MacBook-Pro" duration="00:00:00.0099807" startTime="2025-09-24T08:17:26.9771190+05:30" endTime="2025-09-24T08:17:26.9771190+05:30" testType="13cdc9d9-ddb5-4fa4-a97d-d965ccfc6d4b" outcome="Passed" testListId="8c84fa94-04c1-424b-9868-57a2d4851a1d" relativeResultsDirectory="2af30099-1c62-4771-890b-37b255e4b8ab" />
    <UnitTestResult executionId="398ef223-37b1-4254-9ecb-7370c8a15a02" testId="ba98f1b7-a8b7-7cee-ebb2-fc0bf581219f" testName="PetCare.Application.Tests.Pets.Queries.GetPetsQueryHandlerTests.Handle_WhenPetsExist_ShouldReturnPetSummaryDtos" computerName="Amris-MacBook-Pro" duration="00:00:00.0085512" startTime="2025-09-24T08:17:26.9566840+05:30" endTime="2025-09-24T08:17:26.9566840+05:30" testType="13cdc9d9-ddb5-4fa4-a97d-d965ccfc6d4b" outcome="Passed" testListId="8c84fa94-04c1-424b-9868-57a2d4851a1d" relativeResultsDirectory="398ef223-37b1-4254-9ecb-7370c8a15a02" />
    <UnitTestResult executionId="7655c331-b821-48f8-b2c6-68f735ea69ea" testId="f9b847a4-cd25-fd14-7294-d5516d75ab29" testName="PetCare.Application.Tests.Pets.Commands.CreatePetCommandValidatorTests.Validate_WeightZeroOrNegative_ShouldHaveValidationError(weight: -1)" computerName="Amris-MacBook-Pro" duration="00:00:00.0003814" startTime="2025-09-24T08:17:26.9269160+05:30" endTime="2025-09-24T08:17:26.9269160+05:30" testType="13cdc9d9-ddb5-4fa4-a97d-d965ccfc6d4b" outcome="Passed" testListId="8c84fa94-04c1-424b-9868-57a2d4851a1d" relativeResultsDirectory="7655c331-b821-48f8-b2c6-68f735ea69ea" />
    <UnitTestResult executionId="dd08a1e7-9374-4ceb-adbe-0d0a052f84b3" testId="83cf84aa-6bda-7884-0d13-219a82f748c4" testName="PetCare.Application.Tests.Pets.Commands.CreatePetCommandValidatorTests.Validate_MedicalNotesTooLong_ShouldHaveValidationError" computerName="Amris-MacBook-Pro" duration="00:00:00.0008934" startTime="2025-09-24T08:17:26.9458960+05:30" endTime="2025-09-24T08:17:26.9458960+05:30" testType="13cdc9d9-ddb5-4fa4-a97d-d965ccfc6d4b" outcome="Passed" testListId="8c84fa94-04c1-424b-9868-57a2d4851a1d" relativeResultsDirectory="dd08a1e7-9374-4ceb-adbe-0d0a052f84b3" />
    <UnitTestResult executionId="ade469e8-71cc-49e9-a1a8-15220fd3014f" testId="61852a13-54c8-259c-e890-2ea1f216328e" testName="PetCare.Application.Tests.Pets.Commands.CreatePetCommandValidatorTests.Validate_EmptyOrNullName_ShouldHaveValidationError(name: &quot;&quot;)" computerName="Amris-MacBook-Pro" duration="00:00:00.0004015" startTime="2025-09-24T08:17:26.8309910+05:30" endTime="2025-09-24T08:17:26.8309910+05:30" testType="13cdc9d9-ddb5-4fa4-a97d-d965ccfc6d4b" outcome="Passed" testListId="8c84fa94-04c1-424b-9868-57a2d4851a1d" relativeResultsDirectory="ade469e8-71cc-49e9-a1a8-15220fd3014f" />
    <UnitTestResult executionId="aac21835-4819-4d0e-8d21-c695983bf8e9" testId="15c64731-a72d-2ba2-ef94-95e25650024b" testName="PetCare.Application.Tests.Pets.Commands.CreatePetCommandHandlerTests.Handle_ValidCommand_ShouldCreatePetAndReturnDto" computerName="Amris-MacBook-Pro" duration="00:00:00.0132592" startTime="2025-09-24T08:17:26.9580670+05:30" endTime="2025-09-24T08:17:26.9580670+05:30" testType="13cdc9d9-ddb5-4fa4-a97d-d965ccfc6d4b" outcome="Passed" testListId="8c84fa94-04c1-424b-9868-57a2d4851a1d" relativeResultsDirectory="aac21835-4819-4d0e-8d21-c695983bf8e9" />
    <UnitTestResult executionId="2f9cbf28-a5b3-4965-9122-17c7a57abb40" testId="288ccdca-b6a9-74d2-25de-53467e724a20" testName="PetCare.Application.Tests.Pets.Queries.GetPetByIdQueryHandlerTests.Handle_WhenPetDoesNotExist_ShouldReturnNull" computerName="Amris-MacBook-Pro" duration="00:00:00.0027292" startTime="2025-09-24T08:17:26.9577080+05:30" endTime="2025-09-24T08:17:26.9577090+05:30" testType="13cdc9d9-ddb5-4fa4-a97d-d965ccfc6d4b" outcome="Passed" testListId="8c84fa94-04c1-424b-9868-57a2d4851a1d" relativeResultsDirectory="2f9cbf28-a5b3-4965-9122-17c7a57abb40" />
    <UnitTestResult executionId="91a2e027-50e9-4852-99db-db4d22796d18" testId="c97c9ea5-8bdc-07b3-9ce0-fd754375563d" testName="PetCare.Application.Tests.Pets.Queries.GetPetByIdQueryHandlerTests.Handle_PetWithNullOptionalFields_ShouldMapCorrectly" computerName="Amris-MacBook-Pro" duration="00:00:00.0251868" startTime="2025-09-24T08:17:26.9546800+05:30" endTime="2025-09-24T08:17:26.9546800+05:30" testType="13cdc9d9-ddb5-4fa4-a97d-d965ccfc6d4b" outcome="Passed" testListId="8c84fa94-04c1-424b-9868-57a2d4851a1d" relativeResultsDirectory="91a2e027-50e9-4852-99db-db4d22796d18" />
    <UnitTestResult executionId="830feaee-1d5a-4474-b20f-610a6ac0fc72" testId="da65ea1b-13e1-29f5-20a8-3a2667ccf999" testName="PetCare.Application.Tests.Pets.Commands.CreatePetCommandValidatorTests.Validate_WeightTooHigh_ShouldHaveValidationError" computerName="Amris-MacBook-Pro" duration="00:00:00.0017702" startTime="2025-09-24T08:17:26.9190170+05:30" endTime="2025-09-24T08:17:26.9190170+05:30" testType="13cdc9d9-ddb5-4fa4-a97d-d965ccfc6d4b" outcome="Passed" testListId="8c84fa94-04c1-424b-9868-57a2d4851a1d" relativeResultsDirectory="830feaee-1d5a-4474-b20f-610a6ac0fc72" />
    <UnitTestResult executionId="bdf88d41-37e1-4454-abb4-1279c4cfd7cb" testId="56cb14ec-d99e-e180-cf95-66b457686167" testName="PetCare.Application.Tests.Pets.Commands.CreatePetCommandValidatorTests.Validate_BreedTooLong_ShouldHaveValidationError" computerName="Amris-MacBook-Pro" duration="00:00:00.0005620" startTime="2025-09-24T08:17:26.9484890+05:30" endTime="2025-09-24T08:17:26.9484900+05:30" testType="13cdc9d9-ddb5-4fa4-a97d-d965ccfc6d4b" outcome="Passed" testListId="8c84fa94-04c1-424b-9868-57a2d4851a1d" relativeResultsDirectory="bdf88d41-37e1-4454-abb4-1279c4cfd7cb" />
    <UnitTestResult executionId="37bdeb4f-2d3a-452a-b469-1ce7583810f9" testId="65f86730-888b-b48b-2414-67f7475ad10a" testName="PetCare.Application.Tests.Pets.Commands.CreatePetCommandValidatorTests.Validate_NameTooLong_ShouldHaveValidationError" computerName="Amris-MacBook-Pro" duration="00:00:00.0007037" startTime="2025-09-24T08:17:26.9246640+05:30" endTime="2025-09-24T08:17:26.9246640+05:30" testType="13cdc9d9-ddb5-4fa4-a97d-d965ccfc6d4b" outcome="Passed" testListId="8c84fa94-04c1-424b-9868-57a2d4851a1d" relativeResultsDirectory="37bdeb4f-2d3a-452a-b469-1ce7583810f9" />
    <UnitTestResult executionId="d1531f79-bd07-45d5-ad48-375b591a3881" testId="dddca804-24e1-7de6-3a44-90b5338ed020" testName="PetCare.Application.Tests.Pets.Commands.CreatePetCommandValidatorTests.Validate_EmptyOrNullName_ShouldHaveValidationError(name: &quot; &quot;)" computerName="Amris-MacBook-Pro" duration="00:00:00.0006333" startTime="2025-09-24T08:17:26.8303080+05:30" endTime="2025-09-24T08:17:26.8303080+05:30" testType="13cdc9d9-ddb5-4fa4-a97d-d965ccfc6d4b" outcome="Passed" testListId="8c84fa94-04c1-424b-9868-57a2d4851a1d" relativeResultsDirectory="d1531f79-bd07-45d5-ad48-375b591a3881" />
    <UnitTestResult executionId="e244b12d-2bce-4ecc-955b-aa4f7872fc7b" testId="9525afd6-3132-17c4-b745-412e8db1cb41" testName="PetCare.Application.Tests.Pets.Commands.CreatePetCommandValidatorTests.Validate_WeightZeroOrNegative_ShouldHaveValidationError(weight: -10.5)" computerName="Amris-MacBook-Pro" duration="00:00:00.0006369" startTime="2025-09-24T08:17:26.9263820+05:30" endTime="2025-09-24T08:17:26.9263820+05:30" testType="13cdc9d9-ddb5-4fa4-a97d-d965ccfc6d4b" outcome="Passed" testListId="8c84fa94-04c1-424b-9868-57a2d4851a1d" relativeResultsDirectory="e244b12d-2bce-4ecc-955b-aa4f7872fc7b" />
    <UnitTestResult executionId="97a8db0a-4cbf-445b-8a76-348d6b139810" testId="b69cea94-cfe3-4fb2-071f-22fcc3e28fcd" testName="PetCare.Application.Tests.Pets.Commands.CreatePetCommandValidatorTests.Validate_EmptyOrNullOwnerUserId_ShouldHaveValidationError(ownerUserId: &quot;&quot;)" computerName="Amris-MacBook-Pro" duration="00:00:00.0004629" startTime="2025-09-24T08:17:26.9215220+05:30" endTime="2025-09-24T08:17:26.9215220+05:30" testType="13cdc9d9-ddb5-4fa4-a97d-d965ccfc6d4b" outcome="Passed" testListId="8c84fa94-04c1-424b-9868-57a2d4851a1d" relativeResultsDirectory="97a8db0a-4cbf-445b-8a76-348d6b139810" />
    <UnitTestResult executionId="f312d600-b9ac-411a-b93e-85789d90909a" testId="ed532e58-e029-fbd9-2070-5dcd7c42cfdd" testName="PetCare.Application.Tests.Pets.Commands.CreatePetCommandValidatorTests.Validate_NullOptionalFields_ShouldNotHaveValidationErrors" computerName="Amris-MacBook-Pro" duration="00:00:00.0018189" startTime="2025-09-24T08:17:26.9439460+05:30" endTime="2025-09-24T08:17:26.9439460+05:30" testType="13cdc9d9-ddb5-4fa4-a97d-d965ccfc6d4b" outcome="Passed" testListId="8c84fa94-04c1-424b-9868-57a2d4851a1d" relativeResultsDirectory="f312d600-b9ac-411a-b93e-85789d90909a" />
    <UnitTestResult executionId="5b13dd8b-68e9-4d16-a97f-df201ce42ca7" testId="5143b60c-eb55-a93d-8f20-d89ab700e42a" testName="PetCare.Application.Tests.Pets.Commands.CreatePetCommandValidatorTests.Validate_DateOfBirthTooOld_ShouldHaveValidationError" computerName="Amris-MacBook-Pro" duration="00:00:00.0012234" startTime="2025-09-24T08:17:26.9464450+05:30" endTime="2025-09-24T08:17:26.9464450+05:30" testType="13cdc9d9-ddb5-4fa4-a97d-d965ccfc6d4b" outcome="Passed" testListId="8c84fa94-04c1-424b-9868-57a2d4851a1d" relativeResultsDirectory="5b13dd8b-68e9-4d16-a97f-df201ce42ca7" />
    <UnitTestResult executionId="df689d98-d680-478f-9c05-490f1be4ff66" testId="7328ad71-16cb-2f92-ed43-49ad381f026e" testName="PetCare.Application.Tests.Pets.Commands.UpdatePetCommandHandlerTests.Handle_CommandWithCancellationToken_ShouldPassTokenToRepository" computerName="Amris-MacBook-Pro" duration="00:00:00.0125492" startTime="2025-09-24T08:17:26.9671180+05:30" endTime="2025-09-24T08:17:26.9671180+05:30" testType="13cdc9d9-ddb5-4fa4-a97d-d965ccfc6d4b" outcome="Passed" testListId="8c84fa94-04c1-424b-9868-57a2d4851a1d" relativeResultsDirectory="df689d98-d680-478f-9c05-490f1be4ff66" />
    <UnitTestResult executionId="706a8b49-e4b9-4465-a9c7-113303dc5c8a" testId="d52b231e-cca9-3f47-968b-4260d0271ca7" testName="PetCare.Application.Tests.Pets.Commands.UpdatePetCommandHandlerTests.Handle_ValidCommand_ShouldUpdatePetAndReturnDto" computerName="Amris-MacBook-Pro" duration="00:00:00.2246343" startTime="2025-09-24T08:17:26.9583480+05:30" endTime="2025-09-24T08:17:26.9583480+05:30" testType="13cdc9d9-ddb5-4fa4-a97d-d965ccfc6d4b" outcome="Passed" testListId="8c84fa94-04c1-424b-9868-57a2d4851a1d" relativeResultsDirectory="706a8b49-e4b9-4465-a9c7-113303dc5c8a" />
    <UnitTestResult executionId="cf90a480-cb77-4fa8-99fc-34eac6116ec1" testId="0f90b6c9-3c6c-2294-f544-571d8f647621" testName="PetCare.Application.Tests.Pets.Commands.CreatePetCommandValidatorTests.Validate_ValidCommand_ShouldNotHaveValidationErrors" computerName="Amris-MacBook-Pro" duration="00:00:00.0010769" startTime="2025-09-24T08:17:26.9202090+05:30" endTime="2025-09-24T08:17:26.9202100+05:30" testType="13cdc9d9-ddb5-4fa4-a97d-d965ccfc6d4b" outcome="Passed" testListId="8c84fa94-04c1-424b-9868-57a2d4851a1d" relativeResultsDirectory="cf90a480-cb77-4fa8-99fc-34eac6116ec1" />
    <UnitTestResult executionId="5c93c46c-8747-4c6d-988a-b756da81d984" testId="0cbecf72-ce07-c86f-8fec-4f263609b06a" testName="PetCare.Application.Tests.Pets.Commands.CreatePetCommandHandlerTests.Handle_CommandWithCancellationToken_ShouldPassTokenToRepository" computerName="Amris-MacBook-Pro" duration="00:00:00.0097499" startTime="2025-09-24T08:17:26.9556930+05:30" endTime="2025-09-24T08:17:26.9556930+05:30" testType="13cdc9d9-ddb5-4fa4-a97d-d965ccfc6d4b" outcome="Passed" testListId="8c84fa94-04c1-424b-9868-57a2d4851a1d" relativeResultsDirectory="5c93c46c-8747-4c6d-988a-b756da81d984" />
    <UnitTestResult executionId="4ad0d2fe-ae52-4a1e-8f48-4ce4179048ce" testId="18a03a91-1c80-712c-3114-f0fd071c3079" testName="PetCare.Application.Tests.Pets.Commands.CreatePetCommandValidatorTests.Validate_NullName_ShouldHaveValidationError" computerName="Amris-MacBook-Pro" duration="00:00:00.0010504" startTime="2025-09-24T08:17:26.9236380+05:30" endTime="2025-09-24T08:17:26.9236380+05:30" testType="13cdc9d9-ddb5-4fa4-a97d-d965ccfc6d4b" outcome="Passed" testListId="8c84fa94-04c1-424b-9868-57a2d4851a1d" relativeResultsDirectory="4ad0d2fe-ae52-4a1e-8f48-4ce4179048ce" />
    <UnitTestResult executionId="2c27e92c-5949-4e97-9620-8417c12f4d6a" testId="3d929f08-7a2d-19e8-010e-26318b55e48d" testName="PetCare.Application.Tests.Pets.Commands.UpdatePetCommandHandlerTests.Handle_DeactivatePet_ShouldSetIsActiveToFalse" computerName="Amris-MacBook-Pro" duration="00:00:00.0183779" startTime="2025-09-24T08:17:26.9596470+05:30" endTime="2025-09-24T08:17:26.9596470+05:30" testType="13cdc9d9-ddb5-4fa4-a97d-d965ccfc6d4b" outcome="Passed" testListId="8c84fa94-04c1-424b-9868-57a2d4851a1d" relativeResultsDirectory="2c27e92c-5949-4e97-9620-8417c12f4d6a" />
    <UnitTestResult executionId="c0209b1a-8380-40e1-a1c0-f0d6f6594c2a" testId="5f694596-783e-4087-eb99-436758d4ddd5" testName="PetCare.Application.Tests.Pets.Queries.GetPetsQueryHandlerTests.Handle_WhenNoPetsExist_ShouldReturnEmptyList" computerName="Amris-MacBook-Pro" duration="00:00:00.0191878" startTime="2025-09-24T08:17:26.9525300+05:30" endTime="2025-09-24T08:17:26.9525300+05:30" testType="13cdc9d9-ddb5-4fa4-a97d-d965ccfc6d4b" outcome="Passed" testListId="8c84fa94-04c1-424b-9868-57a2d4851a1d" relativeResultsDirectory="c0209b1a-8380-40e1-a1c0-f0d6f6594c2a" />
    <UnitTestResult executionId="79754f6d-aa19-4a14-a2aa-ab990236c5f1" testId="90d3cf26-024d-ffa4-b1c2-2e872317920d" testName="PetCare.Application.Tests.Pets.Commands.CreatePetCommandValidatorTests.Validate_NullOwnerUserId_ShouldHaveValidationError" computerName="Amris-MacBook-Pro" duration="00:00:00.0021460" startTime="2025-09-24T08:17:26.8291660+05:30" endTime="2025-09-24T08:17:26.8291670+05:30" testType="13cdc9d9-ddb5-4fa4-a97d-d965ccfc6d4b" outcome="Passed" testListId="8c84fa94-04c1-424b-9868-57a2d4851a1d" relativeResultsDirectory="79754f6d-aa19-4a14-a2aa-ab990236c5f1" />
    <UnitTestResult executionId="dc2793eb-97a3-44c0-8876-7a9bd21a7927" testId="49517013-c7e3-b9ea-7017-a771d44bf345" testName="PetCare.Application.Tests.Pets.Commands.CreatePetCommandValidatorTests.Validate_EmptyOrNullOwnerUserId_ShouldHaveValidationError(ownerUserId: &quot; &quot;)" computerName="Amris-MacBook-Pro" duration="00:00:00.0006710" startTime="2025-09-24T08:17:26.9221350+05:30" endTime="2025-09-24T08:17:26.9221350+05:30" testType="13cdc9d9-ddb5-4fa4-a97d-d965ccfc6d4b" outcome="Passed" testListId="8c84fa94-04c1-424b-9868-57a2d4851a1d" relativeResultsDirectory="dc2793eb-97a3-44c0-8876-7a9bd21a7927" />
  </Results>
  <TestDefinitions>
    <UnitTest name="PetCare.Application.Tests.Pets.Queries.GetPetsQueryHandlerTests.Handle_WithCancellationToken_ShouldPassTokenToRepository" storage="/users/amrifazlul/downloads/petcareplus2/backend/tests/petcare.application.tests/bin/debug/net9.0/petcare.application.tests.dll" id="5822ec59-0654-41cd-9c94-bffd01c11a9f">
      <Execution id="04ab6d4c-521d-4c50-b3a3-4d5d7c8efe28" />
      <TestMethod codeBase="/Users/amrifazlul/Downloads/PetCarePlus2/backend/tests/PetCare.Application.Tests/bin/Debug/net9.0/PetCare.Application.Tests.dll" adapterTypeName="executor://xunit/VsTestRunner2/netcoreapp" className="PetCare.Application.Tests.Pets.Queries.GetPetsQueryHandlerTests" name="Handle_WithCancellationToken_ShouldPassTokenToRepository" />
    </UnitTest>
    <UnitTest name="PetCare.Application.Tests.Pets.Commands.UpdatePetCommandHandlerTests.Handle_DeactivatePet_ShouldSetIsActiveToFalse" storage="/users/amrifazlul/downloads/petcareplus2/backend/tests/petcare.application.tests/bin/debug/net9.0/petcare.application.tests.dll" id="3d929f08-7a2d-19e8-010e-26318b55e48d">
      <Execution id="2c27e92c-5949-4e97-9620-8417c12f4d6a" />
      <TestMethod codeBase="/Users/amrifazlul/Downloads/PetCarePlus2/backend/tests/PetCare.Application.Tests/bin/Debug/net9.0/PetCare.Application.Tests.dll" adapterTypeName="executor://xunit/VsTestRunner2/netcoreapp" className="PetCare.Application.Tests.Pets.Commands.UpdatePetCommandHandlerTests" name="Handle_DeactivatePet_ShouldSetIsActiveToFalse" />
    </UnitTest>
    <UnitTest name="PetCare.Application.Tests.Pets.Commands.CreatePetCommandValidatorTests.Validate_WeightTooHigh_ShouldHaveValidationError" storage="/users/amrifazlul/downloads/petcareplus2/backend/tests/petcare.application.tests/bin/debug/net9.0/petcare.application.tests.dll" id="da65ea1b-13e1-29f5-20a8-3a2667ccf999">
      <Execution id="830feaee-1d5a-4474-b20f-610a6ac0fc72" />
      <TestMethod codeBase="/Users/amrifazlul/Downloads/PetCarePlus2/backend/tests/PetCare.Application.Tests/bin/Debug/net9.0/PetCare.Application.Tests.dll" adapterTypeName="executor://xunit/VsTestRunner2/netcoreapp" className="PetCare.Application.Tests.Pets.Commands.CreatePetCommandValidatorTests" name="Validate_WeightTooHigh_ShouldHaveValidationError" />
    </UnitTest>
    <UnitTest name="PetCare.Application.Tests.Pets.Commands.CreatePetCommandValidatorTests.Validate_EmptyOrNullName_ShouldHaveValidationError(name: &quot; &quot;)" storage="/users/amrifazlul/downloads/petcareplus2/backend/tests/petcare.application.tests/bin/debug/net9.0/petcare.application.tests.dll" id="dddca804-24e1-7de6-3a44-90b5338ed020">
      <Execution id="d1531f79-bd07-45d5-ad48-375b591a3881" />
      <TestMethod codeBase="/Users/amrifazlul/Downloads/PetCarePlus2/backend/tests/PetCare.Application.Tests/bin/Debug/net9.0/PetCare.Application.Tests.dll" adapterTypeName="executor://xunit/VsTestRunner2/netcoreapp" className="PetCare.Application.Tests.Pets.Commands.CreatePetCommandValidatorTests" name="Validate_EmptyOrNullName_ShouldHaveValidationError" />
    </UnitTest>
    <UnitTest name="PetCare.Application.Tests.Pets.Queries.GetPetByIdQueryHandlerTests.Handle_WhenPetDoesNotExist_ShouldReturnNull" storage="/users/amrifazlul/downloads/petcareplus2/backend/tests/petcare.application.tests/bin/debug/net9.0/petcare.application.tests.dll" id="288ccdca-b6a9-74d2-25de-53467e724a20">
      <Execution id="2f9cbf28-a5b3-4965-9122-17c7a57abb40" />
      <TestMethod codeBase="/Users/amrifazlul/Downloads/PetCarePlus2/backend/tests/PetCare.Application.Tests/bin/Debug/net9.0/PetCare.Application.Tests.dll" adapterTypeName="executor://xunit/VsTestRunner2/netcoreapp" className="PetCare.Application.Tests.Pets.Queries.GetPetByIdQueryHandlerTests" name="Handle_WhenPetDoesNotExist_ShouldReturnNull" />
    </UnitTest>
    <UnitTest name="PetCare.Application.Tests.Pets.Queries.GetPetsQueryHandlerTests.Handle_WhenPetsExist_ShouldReturnPetSummaryDtos" storage="/users/amrifazlul/downloads/petcareplus2/backend/tests/petcare.application.tests/bin/debug/net9.0/petcare.application.tests.dll" id="ba98f1b7-a8b7-7cee-ebb2-fc0bf581219f">
      <Execution id="398ef223-37b1-4254-9ecb-7370c8a15a02" />
      <TestMethod codeBase="/Users/amrifazlul/Downloads/PetCarePlus2/backend/tests/PetCare.Application.Tests/bin/Debug/net9.0/PetCare.Application.Tests.dll" adapterTypeName="executor://xunit/VsTestRunner2/netcoreapp" className="PetCare.Application.Tests.Pets.Queries.GetPetsQueryHandlerTests" name="Handle_WhenPetsExist_ShouldReturnPetSummaryDtos" />
    </UnitTest>
    <UnitTest name="PetCare.Application.Tests.Pets.Commands.CreatePetCommandValidatorTests.Validate_NullName_ShouldHaveValidationError" storage="/users/amrifazlul/downloads/petcareplus2/backend/tests/petcare.application.tests/bin/debug/net9.0/petcare.application.tests.dll" id="18a03a91-1c80-712c-3114-f0fd071c3079">
      <Execution id="4ad0d2fe-ae52-4a1e-8f48-4ce4179048ce" />
      <TestMethod codeBase="/Users/amrifazlul/Downloads/PetCarePlus2/backend/tests/PetCare.Application.Tests/bin/Debug/net9.0/PetCare.Application.Tests.dll" adapterTypeName="executor://xunit/VsTestRunner2/netcoreapp" className="PetCare.Application.Tests.Pets.Commands.CreatePetCommandValidatorTests" name="Validate_NullName_ShouldHaveValidationError" />
    </UnitTest>
    <UnitTest name="PetCare.Application.Tests.Pets.Commands.UpdatePetCommandHandlerTests.Handle_PetNotFound_ShouldThrowArgumentException" storage="/users/amrifazlul/downloads/petcareplus2/backend/tests/petcare.application.tests/bin/debug/net9.0/petcare.application.tests.dll" id="78b6d89d-7c37-ad82-06e6-b6638ba431e5">
      <Execution id="2af30099-1c62-4771-890b-37b255e4b8ab" />
      <TestMethod codeBase="/Users/amrifazlul/Downloads/PetCarePlus2/backend/tests/PetCare.Application.Tests/bin/Debug/net9.0/PetCare.Application.Tests.dll" adapterTypeName="executor://xunit/VsTestRunner2/netcoreapp" className="PetCare.Application.Tests.Pets.Commands.UpdatePetCommandHandlerTests" name="Handle_PetNotFound_ShouldThrowArgumentException" />
    </UnitTest>
    <UnitTest name="PetCare.Application.Tests.Pets.Queries.GetPetsQueryHandlerTests.Handle_PetsWithVariousProperties_ShouldMapCorrectly" storage="/users/amrifazlul/downloads/petcareplus2/backend/tests/petcare.application.tests/bin/debug/net9.0/petcare.application.tests.dll" id="0b9a1f52-5199-216c-9902-90c5b44a99b6">
      <Execution id="858b1b3a-1467-405b-abeb-bd7feadca596" />
      <TestMethod codeBase="/Users/amrifazlul/Downloads/PetCarePlus2/backend/tests/PetCare.Application.Tests/bin/Debug/net9.0/PetCare.Application.Tests.dll" adapterTypeName="executor://xunit/VsTestRunner2/netcoreapp" className="PetCare.Application.Tests.Pets.Queries.GetPetsQueryHandlerTests" name="Handle_PetsWithVariousProperties_ShouldMapCorrectly" />
    </UnitTest>
    <UnitTest name="PetCare.Application.Tests.Pets.Queries.GetPetByIdQueryHandlerTests.Handle_PetWithCompleteData_ShouldMapAllFieldsCorrectly" storage="/users/amrifazlul/downloads/petcareplus2/backend/tests/petcare.application.tests/bin/debug/net9.0/petcare.application.tests.dll" id="ec970f7e-ba86-07ed-270b-553e13dd5600">
      <Execution id="2d421dd9-9958-4901-ba86-6299fba710da" />
      <TestMethod codeBase="/Users/amrifazlul/Downloads/PetCarePlus2/backend/tests/PetCare.Application.Tests/bin/Debug/net9.0/PetCare.Application.Tests.dll" adapterTypeName="executor://xunit/VsTestRunner2/netcoreapp" className="PetCare.Application.Tests.Pets.Queries.GetPetByIdQueryHandlerTests" name="Handle_PetWithCompleteData_ShouldMapAllFieldsCorrectly" />
    </UnitTest>
    <UnitTest name="PetCare.Application.Tests.Pets.Commands.CreatePetCommandValidatorTests.Validate_MedicalNotesTooLong_ShouldHaveValidationError" storage="/users/amrifazlul/downloads/petcareplus2/backend/tests/petcare.application.tests/bin/debug/net9.0/petcare.application.tests.dll" id="83cf84aa-6bda-7884-0d13-219a82f748c4">
      <Execution id="dd08a1e7-9374-4ceb-adbe-0d0a052f84b3" />
      <TestMethod codeBase="/Users/amrifazlul/Downloads/PetCarePlus2/backend/tests/PetCare.Application.Tests/bin/Debug/net9.0/PetCare.Application.Tests.dll" adapterTypeName="executor://xunit/VsTestRunner2/netcoreapp" className="PetCare.Application.Tests.Pets.Commands.CreatePetCommandValidatorTests" name="Validate_MedicalNotesTooLong_ShouldHaveValidationError" />
    </UnitTest>
    <UnitTest name="PetCare.Application.Tests.Pets.Queries.GetPetByIdQueryHandlerTests.Handle_WhenPetExists_ShouldReturnPetDto" storage="/users/amrifazlul/downloads/petcareplus2/backend/tests/petcare.application.tests/bin/debug/net9.0/petcare.application.tests.dll" id="be1404cc-8eea-0475-659f-eee1de223e22">
      <Execution id="1885cb07-fea7-4c88-8b72-5b1274d4e66d" />
      <TestMethod codeBase="/Users/amrifazlul/Downloads/PetCarePlus2/backend/tests/PetCare.Application.Tests/bin/Debug/net9.0/PetCare.Application.Tests.dll" adapterTypeName="executor://xunit/VsTestRunner2/netcoreapp" className="PetCare.Application.Tests.Pets.Queries.GetPetByIdQueryHandlerTests" name="Handle_WhenPetExists_ShouldReturnPetDto" />
    </UnitTest>
    <UnitTest name="PetCare.Application.Tests.Pets.Commands.CreatePetCommandValidatorTests.Validate_EmptyOrNullOwnerUserId_ShouldHaveValidationError(ownerUserId: &quot; &quot;)" storage="/users/amrifazlul/downloads/petcareplus2/backend/tests/petcare.application.tests/bin/debug/net9.0/petcare.application.tests.dll" id="49517013-c7e3-b9ea-7017-a771d44bf345">
      <Execution id="dc2793eb-97a3-44c0-8876-7a9bd21a7927" />
      <TestMethod codeBase="/Users/amrifazlul/Downloads/PetCarePlus2/backend/tests/PetCare.Application.Tests/bin/Debug/net9.0/PetCare.Application.Tests.dll" adapterTypeName="executor://xunit/VsTestRunner2/netcoreapp" className="PetCare.Application.Tests.Pets.Commands.CreatePetCommandValidatorTests" name="Validate_EmptyOrNullOwnerUserId_ShouldHaveValidationError" />
    </UnitTest>
    <UnitTest name="PetCare.Application.Tests.Pets.Commands.CreatePetCommandValidatorTests.Validate_DateOfBirthInFuture_ShouldHaveValidationError" storage="/users/amrifazlul/downloads/petcareplus2/backend/tests/petcare.application.tests/bin/debug/net9.0/petcare.application.tests.dll" id="e34772e3-5f56-1b75-59d0-bc845d517619">
      <Execution id="ecc57c91-c3c1-469c-a63f-26621740b1d3" />
      <TestMethod codeBase="/Users/amrifazlul/Downloads/PetCarePlus2/backend/tests/PetCare.Application.Tests/bin/Debug/net9.0/PetCare.Application.Tests.dll" adapterTypeName="executor://xunit/VsTestRunner2/netcoreapp" className="PetCare.Application.Tests.Pets.Commands.CreatePetCommandValidatorTests" name="Validate_DateOfBirthInFuture_ShouldHaveValidationError" />
    </UnitTest>
    <UnitTest name="PetCare.Application.Tests.Pets.Commands.CreatePetCommandValidatorTests.Validate_DateOfBirthTooOld_ShouldHaveValidationError" storage="/users/amrifazlul/downloads/petcareplus2/backend/tests/petcare.application.tests/bin/debug/net9.0/petcare.application.tests.dll" id="5143b60c-eb55-a93d-8f20-d89ab700e42a">
      <Execution id="5b13dd8b-68e9-4d16-a97f-df201ce42ca7" />
      <TestMethod codeBase="/Users/amrifazlul/Downloads/PetCarePlus2/backend/tests/PetCare.Application.Tests/bin/Debug/net9.0/PetCare.Application.Tests.dll" adapterTypeName="executor://xunit/VsTestRunner2/netcoreapp" className="PetCare.Application.Tests.Pets.Commands.CreatePetCommandValidatorTests" name="Validate_DateOfBirthTooOld_ShouldHaveValidationError" />
    </UnitTest>
    <UnitTest name="PetCare.Application.Tests.Pets.Commands.CreatePetCommandValidatorTests.Validate_NullOwnerUserId_ShouldHaveValidationError" storage="/users/amrifazlul/downloads/petcareplus2/backend/tests/petcare.application.tests/bin/debug/net9.0/petcare.application.tests.dll" id="90d3cf26-024d-ffa4-b1c2-2e872317920d">
      <Execution id="79754f6d-aa19-4a14-a2aa-ab990236c5f1" />
      <TestMethod codeBase="/Users/amrifazlul/Downloads/PetCarePlus2/backend/tests/PetCare.Application.Tests/bin/Debug/net9.0/PetCare.Application.Tests.dll" adapterTypeName="executor://xunit/VsTestRunner2/netcoreapp" className="PetCare.Application.Tests.Pets.Commands.CreatePetCommandValidatorTests" name="Validate_NullOwnerUserId_ShouldHaveValidationError" />
    </UnitTest>
    <UnitTest name="PetCare.Application.Tests.Pets.Commands.UpdatePetCommandHandlerTests.Handle_UpdateWithNullOptionalFields_ShouldUpdatePetCorrectly" storage="/users/amrifazlul/downloads/petcareplus2/backend/tests/petcare.application.tests/bin/debug/net9.0/petcare.application.tests.dll" id="1c40cf47-7f0d-81c4-d104-69f555c95416">
      <Execution id="6b5ce0ab-c0d8-426f-b9fe-a39a929f7d37" />
      <TestMethod codeBase="/Users/amrifazlul/Downloads/PetCarePlus2/backend/tests/PetCare.Application.Tests/bin/Debug/net9.0/PetCare.Application.Tests.dll" adapterTypeName="executor://xunit/VsTestRunner2/netcoreapp" className="PetCare.Application.Tests.Pets.Commands.UpdatePetCommandHandlerTests" name="Handle_UpdateWithNullOptionalFields_ShouldUpdatePetCorrectly" />
    </UnitTest>
    <UnitTest name="PetCare.Application.Tests.Pets.Queries.GetPetByIdQueryHandlerTests.Handle_PetWithNullOptionalFields_ShouldMapCorrectly" storage="/users/amrifazlul/downloads/petcareplus2/backend/tests/petcare.application.tests/bin/debug/net9.0/petcare.application.tests.dll" id="c97c9ea5-8bdc-07b3-9ce0-fd754375563d">
      <Execution id="91a2e027-50e9-4852-99db-db4d22796d18" />
      <TestMethod codeBase="/Users/amrifazlul/Downloads/PetCarePlus2/backend/tests/PetCare.Application.Tests/bin/Debug/net9.0/PetCare.Application.Tests.dll" adapterTypeName="executor://xunit/VsTestRunner2/netcoreapp" className="PetCare.Application.Tests.Pets.Queries.GetPetByIdQueryHandlerTests" name="Handle_PetWithNullOptionalFields_ShouldMapCorrectly" />
    </UnitTest>
    <UnitTest name="PetCare.Application.Tests.Pets.Commands.CreatePetCommandValidatorTests.Validate_WeightZeroOrNegative_ShouldHaveValidationError(weight: 0)" storage="/users/amrifazlul/downloads/petcareplus2/backend/tests/petcare.application.tests/bin/debug/net9.0/petcare.application.tests.dll" id="ded1fe5f-6542-57e6-72fb-6ed9d33b90ed">
      <Execution id="7962c8a2-be33-4b4c-b836-ae7d6325f462" />
      <TestMethod codeBase="/Users/amrifazlul/Downloads/PetCarePlus2/backend/tests/PetCare.Application.Tests/bin/Debug/net9.0/PetCare.Application.Tests.dll" adapterTypeName="executor://xunit/VsTestRunner2/netcoreapp" className="PetCare.Application.Tests.Pets.Commands.CreatePetCommandValidatorTests" name="Validate_WeightZeroOrNegative_ShouldHaveValidationError" />
    </UnitTest>
    <UnitTest name="PetCare.Application.Tests.Pets.Commands.CreatePetCommandHandlerTests.Handle_CommandWithCancellationToken_ShouldPassTokenToRepository" storage="/users/amrifazlul/downloads/petcareplus2/backend/tests/petcare.application.tests/bin/debug/net9.0/petcare.application.tests.dll" id="0cbecf72-ce07-c86f-8fec-4f263609b06a">
      <Execution id="5c93c46c-8747-4c6d-988a-b756da81d984" />
      <TestMethod codeBase="/Users/amrifazlul/Downloads/PetCarePlus2/backend/tests/PetCare.Application.Tests/bin/Debug/net9.0/PetCare.Application.Tests.dll" adapterTypeName="executor://xunit/VsTestRunner2/netcoreapp" className="PetCare.Application.Tests.Pets.Commands.CreatePetCommandHandlerTests" name="Handle_CommandWithCancellationToken_ShouldPassTokenToRepository" />
    </UnitTest>
    <UnitTest name="PetCare.Application.Tests.Pets.Commands.CreatePetCommandValidatorTests.Validate_EmptyOrNullName_ShouldHaveValidationError(name: &quot;&quot;)" storage="/users/amrifazlul/downloads/petcareplus2/backend/tests/petcare.application.tests/bin/debug/net9.0/petcare.application.tests.dll" id="61852a13-54c8-259c-e890-2ea1f216328e">
      <Execution id="ade469e8-71cc-49e9-a1a8-15220fd3014f" />
      <TestMethod codeBase="/Users/amrifazlul/Downloads/PetCarePlus2/backend/tests/PetCare.Application.Tests/bin/Debug/net9.0/PetCare.Application.Tests.dll" adapterTypeName="executor://xunit/VsTestRunner2/netcoreapp" className="PetCare.Application.Tests.Pets.Commands.CreatePetCommandValidatorTests" name="Validate_EmptyOrNullName_ShouldHaveValidationError" />
    </UnitTest>
    <UnitTest name="PetCare.Application.Tests.Pets.Commands.CreatePetCommandHandlerTests.Handle_CommandWithoutOptionalFields_ShouldCreatePetWithNullValues" storage="/users/amrifazlul/downloads/petcareplus2/backend/tests/petcare.application.tests/bin/debug/net9.0/petcare.application.tests.dll" id="633cdddf-13bd-5529-ab4a-f1ef4d6adfa7">
      <Execution id="87dc0b42-c8ca-4300-90d1-91812ff6940a" />
      <TestMethod codeBase="/Users/amrifazlul/Downloads/PetCarePlus2/backend/tests/PetCare.Application.Tests/bin/Debug/net9.0/PetCare.Application.Tests.dll" adapterTypeName="executor://xunit/VsTestRunner2/netcoreapp" className="PetCare.Application.Tests.Pets.Commands.CreatePetCommandHandlerTests" name="Handle_CommandWithoutOptionalFields_ShouldCreatePetWithNullValues" />
    </UnitTest>
    <UnitTest name="PetCare.Application.Tests.Pets.Commands.CreatePetCommandValidatorTests.Validate_WeightZeroOrNegative_ShouldHaveValidationError(weight: -1)" storage="/users/amrifazlul/downloads/petcareplus2/backend/tests/petcare.application.tests/bin/debug/net9.0/petcare.application.tests.dll" id="f9b847a4-cd25-fd14-7294-d5516d75ab29">
      <Execution id="7655c331-b821-48f8-b2c6-68f735ea69ea" />
      <TestMethod codeBase="/Users/amrifazlul/Downloads/PetCarePlus2/backend/tests/PetCare.Application.Tests/bin/Debug/net9.0/PetCare.Application.Tests.dll" adapterTypeName="executor://xunit/VsTestRunner2/netcoreapp" className="PetCare.Application.Tests.Pets.Commands.CreatePetCommandValidatorTests" name="Validate_WeightZeroOrNegative_ShouldHaveValidationError" />
    </UnitTest>
    <UnitTest name="PetCare.Application.Tests.Pets.Queries.GetPetByIdQueryHandlerTests.Handle_WithCancellationToken_ShouldPassTokenToRepository" storage="/users/amrifazlul/downloads/petcareplus2/backend/tests/petcare.application.tests/bin/debug/net9.0/petcare.application.tests.dll" id="b0100463-b238-63cb-a683-66698b65a13c">
      <Execution id="e225d1b3-5958-4a33-aea5-f412e8f38fa5" />
      <TestMethod codeBase="/Users/amrifazlul/Downloads/PetCarePlus2/backend/tests/PetCare.Application.Tests/bin/Debug/net9.0/PetCare.Application.Tests.dll" adapterTypeName="executor://xunit/VsTestRunner2/netcoreapp" className="PetCare.Application.Tests.Pets.Queries.GetPetByIdQueryHandlerTests" name="Handle_WithCancellationToken_ShouldPassTokenToRepository" />
    </UnitTest>
    <UnitTest name="PetCare.Application.Tests.Pets.Commands.CreatePetCommandValidatorTests.Validate_NameTooLong_ShouldHaveValidationError" storage="/users/amrifazlul/downloads/petcareplus2/backend/tests/petcare.application.tests/bin/debug/net9.0/petcare.application.tests.dll" id="65f86730-888b-b48b-2414-67f7475ad10a">
      <Execution id="37bdeb4f-2d3a-452a-b469-1ce7583810f9" />
      <TestMethod codeBase="/Users/amrifazlul/Downloads/PetCarePlus2/backend/tests/PetCare.Application.Tests/bin/Debug/net9.0/PetCare.Application.Tests.dll" adapterTypeName="executor://xunit/VsTestRunner2/netcoreapp" className="PetCare.Application.Tests.Pets.Commands.CreatePetCommandValidatorTests" name="Validate_NameTooLong_ShouldHaveValidationError" />
    </UnitTest>
    <UnitTest name="PetCare.Application.Tests.Pets.Commands.CreatePetCommandValidatorTests.Validate_ColorTooLong_ShouldHaveValidationError" storage="/users/amrifazlul/downloads/petcareplus2/backend/tests/petcare.application.tests/bin/debug/net9.0/petcare.application.tests.dll" id="c3b073ae-8f09-1687-0881-dd0820d88887">
      <Execution id="d5c234e2-ab65-4e21-a00e-0482a0d73b1e" />
      <TestMethod codeBase="/Users/amrifazlul/Downloads/PetCarePlus2/backend/tests/PetCare.Application.Tests/bin/Debug/net9.0/PetCare.Application.Tests.dll" adapterTypeName="executor://xunit/VsTestRunner2/netcoreapp" className="PetCare.Application.Tests.Pets.Commands.CreatePetCommandValidatorTests" name="Validate_ColorTooLong_ShouldHaveValidationError" />
    </UnitTest>
    <UnitTest name="PetCare.Application.Tests.Pets.Commands.UpdatePetCommandHandlerTests.Handle_ValidCommand_ShouldUpdatePetAndReturnDto" storage="/users/amrifazlul/downloads/petcareplus2/backend/tests/petcare.application.tests/bin/debug/net9.0/petcare.application.tests.dll" id="d52b231e-cca9-3f47-968b-4260d0271ca7">
      <Execution id="706a8b49-e4b9-4465-a9c7-113303dc5c8a" />
      <TestMethod codeBase="/Users/amrifazlul/Downloads/PetCarePlus2/backend/tests/PetCare.Application.Tests/bin/Debug/net9.0/PetCare.Application.Tests.dll" adapterTypeName="executor://xunit/VsTestRunner2/netcoreapp" className="PetCare.Application.Tests.Pets.Commands.UpdatePetCommandHandlerTests" name="Handle_ValidCommand_ShouldUpdatePetAndReturnDto" />
    </UnitTest>
    <UnitTest name="PetCare.Application.Tests.Pets.Commands.CreatePetCommandValidatorTests.Validate_BreedTooLong_ShouldHaveValidationError" storage="/users/amrifazlul/downloads/petcareplus2/backend/tests/petcare.application.tests/bin/debug/net9.0/petcare.application.tests.dll" id="56cb14ec-d99e-e180-cf95-66b457686167">
      <Execution id="bdf88d41-37e1-4454-abb4-1279c4cfd7cb" />
      <TestMethod codeBase="/Users/amrifazlul/Downloads/PetCarePlus2/backend/tests/PetCare.Application.Tests/bin/Debug/net9.0/PetCare.Application.Tests.dll" adapterTypeName="executor://xunit/VsTestRunner2/netcoreapp" className="PetCare.Application.Tests.Pets.Commands.CreatePetCommandValidatorTests" name="Validate_BreedTooLong_ShouldHaveValidationError" />
    </UnitTest>
    <UnitTest name="PetCare.Application.Tests.Pets.Commands.CreatePetCommandValidatorTests.Validate_WeightZeroOrNegative_ShouldHaveValidationError(weight: -10.5)" storage="/users/amrifazlul/downloads/petcareplus2/backend/tests/petcare.application.tests/bin/debug/net9.0/petcare.application.tests.dll" id="9525afd6-3132-17c4-b745-412e8db1cb41">
      <Execution id="e244b12d-2bce-4ecc-955b-aa4f7872fc7b" />
      <TestMethod codeBase="/Users/amrifazlul/Downloads/PetCarePlus2/backend/tests/PetCare.Application.Tests/bin/Debug/net9.0/PetCare.Application.Tests.dll" adapterTypeName="executor://xunit/VsTestRunner2/netcoreapp" className="PetCare.Application.Tests.Pets.Commands.CreatePetCommandValidatorTests" name="Validate_WeightZeroOrNegative_ShouldHaveValidationError" />
    </UnitTest>
    <UnitTest name="PetCare.Application.Tests.Pets.Commands.CreatePetCommandValidatorTests.Validate_ValidCommand_ShouldNotHaveValidationErrors" storage="/users/amrifazlul/downloads/petcareplus2/backend/tests/petcare.application.tests/bin/debug/net9.0/petcare.application.tests.dll" id="0f90b6c9-3c6c-2294-f544-571d8f647621">
      <Execution id="cf90a480-cb77-4fa8-99fc-34eac6116ec1" />
      <TestMethod codeBase="/Users/amrifazlul/Downloads/PetCarePlus2/backend/tests/PetCare.Application.Tests/bin/Debug/net9.0/PetCare.Application.Tests.dll" adapterTypeName="executor://xunit/VsTestRunner2/netcoreapp" className="PetCare.Application.Tests.Pets.Commands.CreatePetCommandValidatorTests" name="Validate_ValidCommand_ShouldNotHaveValidationErrors" />
    </UnitTest>
    <UnitTest name="PetCare.Application.Tests.Pets.Commands.CreatePetCommandHandlerTests.Handle_ValidCommand_ShouldCreatePetAndReturnDto" storage="/users/amrifazlul/downloads/petcareplus2/backend/tests/petcare.application.tests/bin/debug/net9.0/petcare.application.tests.dll" id="15c64731-a72d-2ba2-ef94-95e25650024b">
      <Execution id="aac21835-4819-4d0e-8d21-c695983bf8e9" />
      <TestMethod codeBase="/Users/amrifazlul/Downloads/PetCarePlus2/backend/tests/PetCare.Application.Tests/bin/Debug/net9.0/PetCare.Application.Tests.dll" adapterTypeName="executor://xunit/VsTestRunner2/netcoreapp" className="PetCare.Application.Tests.Pets.Commands.CreatePetCommandHandlerTests" name="Handle_ValidCommand_ShouldCreatePetAndReturnDto" />
    </UnitTest>
    <UnitTest name="PetCare.Application.Tests.Pets.Queries.GetPetsQueryHandlerTests.Handle_WhenNoPetsExist_ShouldReturnEmptyList" storage="/users/amrifazlul/downloads/petcareplus2/backend/tests/petcare.application.tests/bin/debug/net9.0/petcare.application.tests.dll" id="5f694596-783e-4087-eb99-436758d4ddd5">
      <Execution id="c0209b1a-8380-40e1-a1c0-f0d6f6594c2a" />
      <TestMethod codeBase="/Users/amrifazlul/Downloads/PetCarePlus2/backend/tests/PetCare.Application.Tests/bin/Debug/net9.0/PetCare.Application.Tests.dll" adapterTypeName="executor://xunit/VsTestRunner2/netcoreapp" className="PetCare.Application.Tests.Pets.Queries.GetPetsQueryHandlerTests" name="Handle_WhenNoPetsExist_ShouldReturnEmptyList" />
    </UnitTest>
    <UnitTest name="PetCare.Application.Tests.Pets.Commands.CreatePetCommandValidatorTests.Validate_InvalidSpecies_ShouldHaveValidationError" storage="/users/amrifazlul/downloads/petcareplus2/backend/tests/petcare.application.tests/bin/debug/net9.0/petcare.application.tests.dll" id="38476ef2-7410-5883-5cca-3adf1c77e313">
      <Execution id="4f961659-6798-4c93-a9cb-84b82e291b26" />
      <TestMethod codeBase="/Users/amrifazlul/Downloads/PetCarePlus2/backend/tests/PetCare.Application.Tests/bin/Debug/net9.0/PetCare.Application.Tests.dll" adapterTypeName="executor://xunit/VsTestRunner2/netcoreapp" className="PetCare.Application.Tests.Pets.Commands.CreatePetCommandValidatorTests" name="Validate_InvalidSpecies_ShouldHaveValidationError" />
    </UnitTest>
    <UnitTest name="PetCare.Application.Tests.Pets.Commands.UpdatePetCommandHandlerTests.Handle_CommandWithCancellationToken_ShouldPassTokenToRepository" storage="/users/amrifazlul/downloads/petcareplus2/backend/tests/petcare.application.tests/bin/debug/net9.0/petcare.application.tests.dll" id="7328ad71-16cb-2f92-ed43-49ad381f026e">
      <Execution id="df689d98-d680-478f-9c05-490f1be4ff66" />
      <TestMethod codeBase="/Users/amrifazlul/Downloads/PetCarePlus2/backend/tests/PetCare.Application.Tests/bin/Debug/net9.0/PetCare.Application.Tests.dll" adapterTypeName="executor://xunit/VsTestRunner2/netcoreapp" className="PetCare.Application.Tests.Pets.Commands.UpdatePetCommandHandlerTests" name="Handle_CommandWithCancellationToken_ShouldPassTokenToRepository" />
    </UnitTest>
    <UnitTest name="PetCare.Application.Tests.Pets.Commands.CreatePetCommandValidatorTests.Validate_EmptyOrNullOwnerUserId_ShouldHaveValidationError(ownerUserId: &quot;&quot;)" storage="/users/amrifazlul/downloads/petcareplus2/backend/tests/petcare.application.tests/bin/debug/net9.0/petcare.application.tests.dll" id="b69cea94-cfe3-4fb2-071f-22fcc3e28fcd">
      <Execution id="97a8db0a-4cbf-445b-8a76-348d6b139810" />
      <TestMethod codeBase="/Users/amrifazlul/Downloads/PetCarePlus2/backend/tests/PetCare.Application.Tests/bin/Debug/net9.0/PetCare.Application.Tests.dll" adapterTypeName="executor://xunit/VsTestRunner2/netcoreapp" className="PetCare.Application.Tests.Pets.Commands.CreatePetCommandValidatorTests" name="Validate_EmptyOrNullOwnerUserId_ShouldHaveValidationError" />
    </UnitTest>
    <UnitTest name="PetCare.Application.Tests.Pets.Commands.CreatePetCommandValidatorTests.Validate_NullOptionalFields_ShouldNotHaveValidationErrors" storage="/users/amrifazlul/downloads/petcareplus2/backend/tests/petcare.application.tests/bin/debug/net9.0/petcare.application.tests.dll" id="ed532e58-e029-fbd9-2070-5dcd7c42cfdd">
      <Execution id="f312d600-b9ac-411a-b93e-85789d90909a" />
      <TestMethod codeBase="/Users/amrifazlul/Downloads/PetCarePlus2/backend/tests/PetCare.Application.Tests/bin/Debug/net9.0/PetCare.Application.Tests.dll" adapterTypeName="executor://xunit/VsTestRunner2/netcoreapp" className="PetCare.Application.Tests.Pets.Commands.CreatePetCommandValidatorTests" name="Validate_NullOptionalFields_ShouldNotHaveValidationErrors" />
    </UnitTest>
  </TestDefinitions>
  <TestEntries>
    <TestEntry testId="633cdddf-13bd-5529-ab4a-f1ef4d6adfa7" executionId="87dc0b42-c8ca-4300-90d1-91812ff6940a" testListId="8c84fa94-04c1-424b-9868-57a2d4851a1d" />
    <TestEntry testId="38476ef2-7410-5883-5cca-3adf1c77e313" executionId="4f961659-6798-4c93-a9cb-84b82e291b26" testListId="8c84fa94-04c1-424b-9868-57a2d4851a1d" />
    <TestEntry testId="e34772e3-5f56-1b75-59d0-bc845d517619" executionId="ecc57c91-c3c1-469c-a63f-26621740b1d3" testListId="8c84fa94-04c1-424b-9868-57a2d4851a1d" />
    <TestEntry testId="ded1fe5f-6542-57e6-72fb-6ed9d33b90ed" executionId="7962c8a2-be33-4b4c-b836-ae7d6325f462" testListId="8c84fa94-04c1-424b-9868-57a2d4851a1d" />
    <TestEntry testId="b0100463-b238-63cb-a683-66698b65a13c" executionId="e225d1b3-5958-4a33-aea5-f412e8f38fa5" testListId="8c84fa94-04c1-424b-9868-57a2d4851a1d" />
    <TestEntry testId="1c40cf47-7f0d-81c4-d104-69f555c95416" executionId="6b5ce0ab-c0d8-426f-b9fe-a39a929f7d37" testListId="8c84fa94-04c1-424b-9868-57a2d4851a1d" />
    <TestEntry testId="be1404cc-8eea-0475-659f-eee1de223e22" executionId="1885cb07-fea7-4c88-8b72-5b1274d4e66d" testListId="8c84fa94-04c1-424b-9868-57a2d4851a1d" />
    <TestEntry testId="ec970f7e-ba86-07ed-270b-553e13dd5600" executionId="2d421dd9-9958-4901-ba86-6299fba710da" testListId="8c84fa94-04c1-424b-9868-57a2d4851a1d" />
    <TestEntry testId="5822ec59-0654-41cd-9c94-bffd01c11a9f" executionId="04ab6d4c-521d-4c50-b3a3-4d5d7c8efe28" testListId="8c84fa94-04c1-424b-9868-57a2d4851a1d" />
    <TestEntry testId="0b9a1f52-5199-216c-9902-90c5b44a99b6" executionId="858b1b3a-1467-405b-abeb-bd7feadca596" testListId="8c84fa94-04c1-424b-9868-57a2d4851a1d" />
    <TestEntry testId="c3b073ae-8f09-1687-0881-dd0820d88887" executionId="d5c234e2-ab65-4e21-a00e-0482a0d73b1e" testListId="8c84fa94-04c1-424b-9868-57a2d4851a1d" />
    <TestEntry testId="78b6d89d-7c37-ad82-06e6-b6638ba431e5" executionId="2af30099-1c62-4771-890b-37b255e4b8ab" testListId="8c84fa94-04c1-424b-9868-57a2d4851a1d" />
    <TestEntry testId="ba98f1b7-a8b7-7cee-ebb2-fc0bf581219f" executionId="398ef223-37b1-4254-9ecb-7370c8a15a02" testListId="8c84fa94-04c1-424b-9868-57a2d4851a1d" />
    <TestEntry testId="f9b847a4-cd25-fd14-7294-d5516d75ab29" executionId="7655c331-b821-48f8-b2c6-68f735ea69ea" testListId="8c84fa94-04c1-424b-9868-57a2d4851a1d" />
    <TestEntry testId="83cf84aa-6bda-7884-0d13-219a82f748c4" executionId="dd08a1e7-9374-4ceb-adbe-0d0a052f84b3" testListId="8c84fa94-04c1-424b-9868-57a2d4851a1d" />
    <TestEntry testId="61852a13-54c8-259c-e890-2ea1f216328e" executionId="ade469e8-71cc-49e9-a1a8-15220fd3014f" testListId="8c84fa94-04c1-424b-9868-57a2d4851a1d" />
    <TestEntry testId="15c64731-a72d-2ba2-ef94-95e25650024b" executionId="aac21835-4819-4d0e-8d21-c695983bf8e9" testListId="8c84fa94-04c1-424b-9868-57a2d4851a1d" />
    <TestEntry testId="288ccdca-b6a9-74d2-25de-53467e724a20" executionId="2f9cbf28-a5b3-4965-9122-17c7a57abb40" testListId="8c84fa94-04c1-424b-9868-57a2d4851a1d" />
    <TestEntry testId="c97c9ea5-8bdc-07b3-9ce0-fd754375563d" executionId="91a2e027-50e9-4852-99db-db4d22796d18" testListId="8c84fa94-04c1-424b-9868-57a2d4851a1d" />
    <TestEntry testId="da65ea1b-13e1-29f5-20a8-3a2667ccf999" executionId="830feaee-1d5a-4474-b20f-610a6ac0fc72" testListId="8c84fa94-04c1-424b-9868-57a2d4851a1d" />
    <TestEntry testId="56cb14ec-d99e-e180-cf95-66b457686167" executionId="bdf88d41-37e1-4454-abb4-1279c4cfd7cb" testListId="8c84fa94-04c1-424b-9868-57a2d4851a1d" />
    <TestEntry testId="65f86730-888b-b48b-2414-67f7475ad10a" executionId="37bdeb4f-2d3a-452a-b469-1ce7583810f9" testListId="8c84fa94-04c1-424b-9868-57a2d4851a1d" />
    <TestEntry testId="dddca804-24e1-7de6-3a44-90b5338ed020" executionId="d1531f79-bd07-45d5-ad48-375b591a3881" testListId="8c84fa94-04c1-424b-9868-57a2d4851a1d" />
    <TestEntry testId="9525afd6-3132-17c4-b745-412e8db1cb41" executionId="e244b12d-2bce-4ecc-955b-aa4f7872fc7b" testListId="8c84fa94-04c1-424b-9868-57a2d4851a1d" />
    <TestEntry testId="b69cea94-cfe3-4fb2-071f-22fcc3e28fcd" executionId="97a8db0a-4cbf-445b-8a76-348d6b139810" testListId="8c84fa94-04c1-424b-9868-57a2d4851a1d" />
    <TestEntry testId="ed532e58-e029-fbd9-2070-5dcd7c42cfdd" executionId="f312d600-b9ac-411a-b93e-85789d90909a" testListId="8c84fa94-04c1-424b-9868-57a2d4851a1d" />
    <TestEntry testId="5143b60c-eb55-a93d-8f20-d89ab700e42a" executionId="5b13dd8b-68e9-4d16-a97f-df201ce42ca7" testListId="8c84fa94-04c1-424b-9868-57a2d4851a1d" />
    <TestEntry testId="7328ad71-16cb-2f92-ed43-49ad381f026e" executionId="df689d98-d680-478f-9c05-490f1be4ff66" testListId="8c84fa94-04c1-424b-9868-57a2d4851a1d" />
    <TestEntry testId="d52b231e-cca9-3f47-968b-4260d0271ca7" executionId="706a8b49-e4b9-4465-a9c7-113303dc5c8a" testListId="8c84fa94-04c1-424b-9868-57a2d4851a1d" />
    <TestEntry testId="0f90b6c9-3c6c-2294-f544-571d8f647621" executionId="cf90a480-cb77-4fa8-99fc-34eac6116ec1" testListId="8c84fa94-04c1-424b-9868-57a2d4851a1d" />
    <TestEntry testId="0cbecf72-ce07-c86f-8fec-4f263609b06a" executionId="5c93c46c-8747-4c6d-988a-b756da81d984" testListId="8c84fa94-04c1-424b-9868-57a2d4851a1d" />
    <TestEntry testId="18a03a91-1c80-712c-3114-f0fd071c3079" executionId="4ad0d2fe-ae52-4a1e-8f48-4ce4179048ce" testListId="8c84fa94-04c1-424b-9868-57a2d4851a1d" />
    <TestEntry testId="3d929f08-7a2d-19e8-010e-26318b55e48d" executionId="2c27e92c-5949-4e97-9620-8417c12f4d6a" testListId="8c84fa94-04c1-424b-9868-57a2d4851a1d" />
    <TestEntry testId="5f694596-783e-4087-eb99-436758d4ddd5" executionId="c0209b1a-8380-40e1-a1c0-f0d6f6594c2a" testListId="8c84fa94-04c1-424b-9868-57a2d4851a1d" />
    <TestEntry testId="90d3cf26-024d-ffa4-b1c2-2e872317920d" executionId="79754f6d-aa19-4a14-a2aa-ab990236c5f1" testListId="8c84fa94-04c1-424b-9868-57a2d4851a1d" />
    <TestEntry testId="49517013-c7e3-b9ea-7017-a771d44bf345" executionId="dc2793eb-97a3-44c0-8876-7a9bd21a7927" testListId="8c84fa94-04c1-424b-9868-57a2d4851a1d" />
  </TestEntries>
  <TestLists>
    <TestList name="Results Not in a List" id="8c84fa94-04c1-424b-9868-57a2d4851a1d" />
    <TestList name="All Loaded Results" id="19431567-8539-422a-85d7-44ee4e166bda" />
  </TestLists>
  <ResultSummary outcome="Completed">
    <Counters total="36" executed="36" passed="36" failed="0" error="0" timeout="0" aborted="0" inconclusive="0" passedButRunAborted="0" notRunnable="0" notExecuted="0" disconnected="0" warning="0" completed="0" inProgress="0" pending="0" />
    <Output>
      <StdOut>[xUnit.net 00:00:00.00] xUnit.net VSTest Adapter v2.8.2+699d445a1a (64-bit .NET 9.0.8)
[xUnit.net 00:00:00.33]   Discovering: PetCare.Application.Tests
[xUnit.net 00:00:00.49]   Discovered:  PetCare.Application.Tests
[xUnit.net 00:00:00.50]   Starting:    PetCare.Application.Tests
     Warning:
     The component "Fluent Assertions" is governed by the rules defined in the Xceed License Agreement and
     the Xceed Fluent Assertions Community License. You may use Fluent Assertions free of charge for
     non-commercial use only. An active subscription is required to use Fluent Assertions for commercial use.
     Please contact Xceed Sales mailto:sales@xceed.com to acquire a subscription at a very low cost.
     A paid commercial license supports the development and continued increasing support of
     Fluent Assertions users under both commercial and community licenses. Help us
     keep Fluent Assertions at the forefront of unit testing.
     For more information, visit https://xceed.com/products/unit-testing/fluent-assertions/
[xUnit.net 00:00:00.96]   Finished:    PetCare.Application.Tests
</StdOut>
    </Output>
    <CollectorDataEntries>
      <Collector agentName="Amris-MacBook-Pro" uri="datacollector://microsoft/CoverletCodeCoverage/1.0" collectorDisplayName="XPlat code coverage">
        <UriAttachments>
          <UriAttachment>
            <A href="Amris-MacBook-Pro/coverage.cobertura.xml"></A>
          </UriAttachment>
        </UriAttachments>
      </Collector>
    </CollectorDataEntries>
  </ResultSummary>
</TestRun>