<?xml version="1.0" encoding="utf-8"?>
<TestRun id="a6c4bb5e-b0d4-4ec9-bf06-bfb993f91a1c" name="@Amris-MacBook-Pro 2025-09-24 08:08:29" xmlns="http://microsoft.com/schemas/VisualStudio/TeamTest/2010">
  <Times creation="2025-09-24T08:08:29.7117210+05:30" queuing="2025-09-24T08:08:29.7117210+05:30" start="2025-09-24T08:08:24.7735390+05:30" finish="2025-09-24T08:08:30.7618460+05:30" />
  <TestSettings name="default" id="35177c77-2d47-4176-a3ab-071847297aa0">
    <Deployment runDeploymentRoot="_Amris-MacBook-Pro_2025-09-24_08_08_29" />
  </TestSettings>
  <Results>
    <UnitTestResult executionId="0dd8416e-12ab-451f-8978-25325d223a47" testId="633cdddf-13bd-5529-ab4a-f1ef4d6adfa7" testName="PetCare.Application.Tests.Pets.Commands.CreatePetCommandHandlerTests.Handle_CommandWithoutOptionalFields_ShouldCreatePetWithNullValues" computerName="Amris-MacBook-Pro" duration="00:00:00.2590026" startTime="2025-09-24T08:08:29.6440150+05:30" endTime="2025-09-24T08:08:29.6440150+05:30" testType="13cdc9d9-ddb5-4fa4-a97d-d965ccfc6d4b" outcome="Passed" testListId="8c84fa94-04c1-424b-9868-57a2d4851a1d" relativeResultsDirectory="0dd8416e-12ab-451f-8978-25325d223a47" />
    <UnitTestResult executionId="58eb624f-e5cc-4603-97dd-6c30806e0d14" testId="90d3cf26-024d-ffa4-b1c2-2e872317920d" testName="PetCare.Application.Tests.Pets.Commands.CreatePetCommandValidatorTests.Validate_NullOwnerUserId_ShouldHaveValidationError" computerName="Amris-MacBook-Pro" duration="00:00:00.0049044" startTime="2025-09-24T08:08:29.5485290+05:30" endTime="2025-09-24T08:08:29.5485290+05:30" testType="13cdc9d9-ddb5-4fa4-a97d-d965ccfc6d4b" outcome="Passed" testListId="8c84fa94-04c1-424b-9868-57a2d4851a1d" relativeResultsDirectory="58eb624f-e5cc-4603-97dd-6c30806e0d14" />
    <UnitTestResult executionId="d61e3569-233d-44b1-b662-ac99ceeeb863" testId="5f694596-783e-4087-eb99-436758d4ddd5" testName="PetCare.Application.Tests.Pets.Queries.GetPetsQueryHandlerTests.Handle_WhenNoPetsExist_ShouldReturnEmptyList" computerName="Amris-MacBook-Pro" duration="00:00:00.0220590" startTime="2025-09-24T08:08:29.6340510+05:30" endTime="2025-09-24T08:08:29.6340510+05:30" testType="13cdc9d9-ddb5-4fa4-a97d-d965ccfc6d4b" outcome="Passed" testListId="8c84fa94-04c1-424b-9868-57a2d4851a1d" relativeResultsDirectory="d61e3569-233d-44b1-b662-ac99ceeeb863" />
    <UnitTestResult executionId="6489fbde-93b9-4d12-877f-c026a95fb8fb" testId="c97c9ea5-8bdc-07b3-9ce0-fd754375563d" testName="PetCare.Application.Tests.Pets.Queries.GetPetByIdQueryHandlerTests.Handle_PetWithNullOptionalFields_ShouldMapCorrectly" computerName="Amris-MacBook-Pro" duration="00:00:00.0320280" startTime="2025-09-24T08:08:29.6423860+05:30" endTime="2025-09-24T08:08:29.6423860+05:30" testType="13cdc9d9-ddb5-4fa4-a97d-d965ccfc6d4b" outcome="Passed" testListId="8c84fa94-04c1-424b-9868-57a2d4851a1d" relativeResultsDirectory="6489fbde-93b9-4d12-877f-c026a95fb8fb" />
    <UnitTestResult executionId="4392ec1a-9a11-4b08-a9cb-da152b52da18" testId="61852a13-54c8-259c-e890-2ea1f216328e" testName="PetCare.Application.Tests.Pets.Commands.CreatePetCommandValidatorTests.Validate_EmptyOrNullName_ShouldHaveValidationError(name: &quot;&quot;)" computerName="Amris-MacBook-Pro" duration="00:00:00.0003874" startTime="2025-09-24T08:08:29.5502560+05:30" endTime="2025-09-24T08:08:29.5502560+05:30" testType="13cdc9d9-ddb5-4fa4-a97d-d965ccfc6d4b" outcome="Passed" testListId="8c84fa94-04c1-424b-9868-57a2d4851a1d" relativeResultsDirectory="4392ec1a-9a11-4b08-a9cb-da152b52da18" />
    <UnitTestResult executionId="fd88be62-043f-4f5b-9ace-437a38ccb6ac" testId="15c64731-a72d-2ba2-ef94-95e25650024b" testName="PetCare.Application.Tests.Pets.Commands.CreatePetCommandHandlerTests.Handle_ValidCommand_ShouldCreatePetAndReturnDto" computerName="Amris-MacBook-Pro" duration="00:00:00.0089634" startTime="2025-09-24T08:08:29.6582610+05:30" endTime="2025-09-24T08:08:29.6582610+05:30" testType="13cdc9d9-ddb5-4fa4-a97d-d965ccfc6d4b" outcome="Passed" testListId="8c84fa94-04c1-424b-9868-57a2d4851a1d" relativeResultsDirectory="fd88be62-043f-4f5b-9ace-437a38ccb6ac" />
    <UnitTestResult executionId="983a4d76-f9a6-4166-ba5f-e7d8e6282bd6" testId="f9b847a4-cd25-fd14-7294-d5516d75ab29" testName="PetCare.Application.Tests.Pets.Commands.CreatePetCommandValidatorTests.Validate_WeightZeroOrNegative_ShouldHaveValidationError(weight: -1)" computerName="Amris-MacBook-Pro" duration="00:00:00.0004176" startTime="2025-09-24T08:08:29.6194730+05:30" endTime="2025-09-24T08:08:29.6194730+05:30" testType="13cdc9d9-ddb5-4fa4-a97d-d965ccfc6d4b" outcome="Passed" testListId="8c84fa94-04c1-424b-9868-57a2d4851a1d" relativeResultsDirectory="983a4d76-f9a6-4166-ba5f-e7d8e6282bd6" />
    <UnitTestResult executionId="b3f2bbe7-1032-4a9c-a1ef-ad8f18e6f5c0" testId="c3b073ae-8f09-1687-0881-dd0820d88887" testName="PetCare.Application.Tests.Pets.Commands.CreatePetCommandValidatorTests.Validate_ColorTooLong_ShouldHaveValidationError" computerName="Amris-MacBook-Pro" duration="00:00:00.0009601" startTime="2025-09-24T08:08:29.6156260+05:30" endTime="2025-09-24T08:08:29.6156260+05:30" testType="13cdc9d9-ddb5-4fa4-a97d-d965ccfc6d4b" outcome="Passed" testListId="8c84fa94-04c1-424b-9868-57a2d4851a1d" relativeResultsDirectory="b3f2bbe7-1032-4a9c-a1ef-ad8f18e6f5c0" />
    <UnitTestResult executionId="65ac8ed0-aaa5-445f-a0ab-1fc65bd0212b" testId="ba98f1b7-a8b7-7cee-ebb2-fc0bf581219f" testName="PetCare.Application.Tests.Pets.Queries.GetPetsQueryHandlerTests.Handle_WhenPetsExist_ShouldReturnPetSummaryDtos" computerName="Amris-MacBook-Pro" duration="00:00:00.0044739" startTime="2025-09-24T08:08:29.6473890+05:30" endTime="2025-09-24T08:08:29.6473890+05:30" testType="13cdc9d9-ddb5-4fa4-a97d-d965ccfc6d4b" outcome="Passed" testListId="8c84fa94-04c1-424b-9868-57a2d4851a1d" relativeResultsDirectory="65ac8ed0-aaa5-445f-a0ab-1fc65bd0212b" />
    <UnitTestResult executionId="1d77b7b3-4928-4503-92f3-be46a7c31d4e" testId="78b6d89d-7c37-ad82-06e6-b6638ba431e5" testName="PetCare.Application.Tests.Pets.Commands.UpdatePetCommandHandlerTests.Handle_PetNotFound_ShouldThrowArgumentException" computerName="Amris-MacBook-Pro" duration="00:00:00.0353353" startTime="2025-09-24T08:08:29.7153760+05:30" endTime="2025-09-24T08:08:29.7153760+05:30" testType="13cdc9d9-ddb5-4fa4-a97d-d965ccfc6d4b" outcome="Passed" testListId="8c84fa94-04c1-424b-9868-57a2d4851a1d" relativeResultsDirectory="1d77b7b3-4928-4503-92f3-be46a7c31d4e" />
    <UnitTestResult executionId="e3298a0e-f865-4f00-a92d-ec38dfc1448f" testId="be1404cc-8eea-0475-659f-eee1de223e22" testName="PetCare.Application.Tests.Pets.Queries.GetPetByIdQueryHandlerTests.Handle_WhenPetExists_ShouldReturnPetDto" computerName="Amris-MacBook-Pro" duration="00:00:00.0058238" startTime="2025-09-24T08:08:29.6607110+05:30" endTime="2025-09-24T08:08:29.6607110+05:30" testType="13cdc9d9-ddb5-4fa4-a97d-d965ccfc6d4b" outcome="Passed" testListId="8c84fa94-04c1-424b-9868-57a2d4851a1d" relativeResultsDirectory="e3298a0e-f865-4f00-a92d-ec38dfc1448f" />
    <UnitTestResult executionId="7dd1293c-8c8f-4d1f-a98d-30f7a710f16f" testId="9525afd6-3132-17c4-b745-412e8db1cb41" testName="PetCare.Application.Tests.Pets.Commands.CreatePetCommandValidatorTests.Validate_WeightZeroOrNegative_ShouldHaveValidationError(weight: -10.5)" computerName="Amris-MacBook-Pro" duration="00:00:00.0006976" startTime="2025-09-24T08:08:29.6189600+05:30" endTime="2025-09-24T08:08:29.6189600+05:30" testType="13cdc9d9-ddb5-4fa4-a97d-d965ccfc6d4b" outcome="Passed" testListId="8c84fa94-04c1-424b-9868-57a2d4851a1d" relativeResultsDirectory="7dd1293c-8c8f-4d1f-a98d-30f7a710f16f" />
    <UnitTestResult executionId="0bb6f647-94cc-444a-baa6-cd85c66556d6" testId="18a03a91-1c80-712c-3114-f0fd071c3079" testName="PetCare.Application.Tests.Pets.Commands.CreatePetCommandValidatorTests.Validate_NullName_ShouldHaveValidationError" computerName="Amris-MacBook-Pro" duration="00:00:00.0007427" startTime="2025-09-24T08:08:29.6179280+05:30" endTime="2025-09-24T08:08:29.6179280+05:30" testType="13cdc9d9-ddb5-4fa4-a97d-d965ccfc6d4b" outcome="Passed" testListId="8c84fa94-04c1-424b-9868-57a2d4851a1d" relativeResultsDirectory="0bb6f647-94cc-444a-baa6-cd85c66556d6" />
    <UnitTestResult executionId="c1fe5bcd-7090-4e8f-8802-0e7868837872" testId="49517013-c7e3-b9ea-7017-a771d44bf345" testName="PetCare.Application.Tests.Pets.Commands.CreatePetCommandValidatorTests.Validate_EmptyOrNullOwnerUserId_ShouldHaveValidationError(ownerUserId: &quot; &quot;)" computerName="Amris-MacBook-Pro" duration="00:00:00.0005759" startTime="2025-09-24T08:08:29.6169010+05:30" endTime="2025-09-24T08:08:29.6169010+05:30" testType="13cdc9d9-ddb5-4fa4-a97d-d965ccfc6d4b" outcome="Passed" testListId="8c84fa94-04c1-424b-9868-57a2d4851a1d" relativeResultsDirectory="c1fe5bcd-7090-4e8f-8802-0e7868837872" />
    <UnitTestResult executionId="b1ee2ffb-4814-41e5-a1eb-c470290257a1" testId="0cbecf72-ce07-c86f-8fec-4f263609b06a" testName="PetCare.Application.Tests.Pets.Commands.CreatePetCommandHandlerTests.Handle_CommandWithCancellationToken_ShouldPassTokenToRepository" computerName="Amris-MacBook-Pro" duration="00:00:00.0045367" startTime="2025-09-24T08:08:29.6488600+05:30" endTime="2025-09-24T08:08:29.6488600+05:30" testType="13cdc9d9-ddb5-4fa4-a97d-d965ccfc6d4b" outcome="Passed" testListId="8c84fa94-04c1-424b-9868-57a2d4851a1d" relativeResultsDirectory="b1ee2ffb-4814-41e5-a1eb-c470290257a1" />
    <UnitTestResult executionId="c3c10291-e915-4c7b-8dc0-3d9e71a1db49" testId="5822ec59-0654-41cd-9c94-bffd01c11a9f" testName="PetCare.Application.Tests.Pets.Queries.GetPetsQueryHandlerTests.Handle_WithCancellationToken_ShouldPassTokenToRepository" computerName="Amris-MacBook-Pro" duration="00:00:00.2258653" startTime="2025-09-24T08:08:29.6259050+05:30" endTime="2025-09-24T08:08:29.6259050+05:30" testType="13cdc9d9-ddb5-4fa4-a97d-d965ccfc6d4b" outcome="Passed" testListId="8c84fa94-04c1-424b-9868-57a2d4851a1d" relativeResultsDirectory="c3c10291-e915-4c7b-8dc0-3d9e71a1db49" />
    <UnitTestResult executionId="8222f97f-07ea-425e-8253-16bcd5ee875f" testId="7328ad71-16cb-2f92-ed43-49ad381f026e" testName="PetCare.Application.Tests.Pets.Commands.UpdatePetCommandHandlerTests.Handle_CommandWithCancellationToken_ShouldPassTokenToRepository" computerName="Amris-MacBook-Pro" duration="00:00:00.0110355" startTime="2025-09-24T08:08:29.6796730+05:30" endTime="2025-09-24T08:08:29.6796730+05:30" testType="13cdc9d9-ddb5-4fa4-a97d-d965ccfc6d4b" outcome="Passed" testListId="8c84fa94-04c1-424b-9868-57a2d4851a1d" relativeResultsDirectory="8222f97f-07ea-425e-8253-16bcd5ee875f" />
    <UnitTestResult executionId="5f7a4a24-83a0-42c4-a5b5-c7d2c9ead004" testId="65f86730-888b-b48b-2414-67f7475ad10a" testName="PetCare.Application.Tests.Pets.Commands.CreatePetCommandValidatorTests.Validate_NameTooLong_ShouldHaveValidationError" computerName="Amris-MacBook-Pro" duration="00:00:00.0006960" startTime="2025-09-24T08:08:29.6184500+05:30" endTime="2025-09-24T08:08:29.6184500+05:30" testType="13cdc9d9-ddb5-4fa4-a97d-d965ccfc6d4b" outcome="Passed" testListId="8c84fa94-04c1-424b-9868-57a2d4851a1d" relativeResultsDirectory="5f7a4a24-83a0-42c4-a5b5-c7d2c9ead004" />
    <UnitTestResult executionId="78d70606-fd83-4958-94d7-e5832a907200" testId="288ccdca-b6a9-74d2-25de-53467e724a20" testName="PetCare.Application.Tests.Pets.Queries.GetPetByIdQueryHandlerTests.Handle_WhenPetDoesNotExist_ShouldReturnNull" computerName="Amris-MacBook-Pro" duration="00:00:00.0042246" startTime="2025-09-24T08:08:29.6614900+05:30" endTime="2025-09-24T08:08:29.6614900+05:30" testType="13cdc9d9-ddb5-4fa4-a97d-d965ccfc6d4b" outcome="Passed" testListId="8c84fa94-04c1-424b-9868-57a2d4851a1d" relativeResultsDirectory="78d70606-fd83-4958-94d7-e5832a907200" />
    <UnitTestResult executionId="99ec4bff-e1ff-428b-a543-c1ab8f52328a" testId="0f90b6c9-3c6c-2294-f544-571d8f647621" testName="PetCare.Application.Tests.Pets.Commands.CreatePetCommandValidatorTests.Validate_ValidCommand_ShouldNotHaveValidationErrors" computerName="Amris-MacBook-Pro" duration="00:00:00.0014336" startTime="2025-09-24T08:08:29.6150540+05:30" endTime="2025-09-24T08:08:29.6150540+05:30" testType="13cdc9d9-ddb5-4fa4-a97d-d965ccfc6d4b" outcome="Passed" testListId="8c84fa94-04c1-424b-9868-57a2d4851a1d" relativeResultsDirectory="99ec4bff-e1ff-428b-a543-c1ab8f52328a" />
    <UnitTestResult executionId="3793c6d4-71d9-439b-9bb8-aa1c2e6421ba" testId="da65ea1b-13e1-29f5-20a8-3a2667ccf999" testName="PetCare.Application.Tests.Pets.Commands.CreatePetCommandValidatorTests.Validate_WeightTooHigh_ShouldHaveValidationError" computerName="Amris-MacBook-Pro" duration="00:00:00.0022986" startTime="2025-09-24T08:08:29.6139400+05:30" endTime="2025-09-24T08:08:29.6139400+05:30" testType="13cdc9d9-ddb5-4fa4-a97d-d965ccfc6d4b" outcome="Passed" testListId="8c84fa94-04c1-424b-9868-57a2d4851a1d" relativeResultsDirectory="3793c6d4-71d9-439b-9bb8-aa1c2e6421ba" />
    <UnitTestResult executionId="a1437c18-d2bb-4c03-ab27-2ebf34d74ce7" testId="ded1fe5f-6542-57e6-72fb-6ed9d33b90ed" testName="PetCare.Application.Tests.Pets.Commands.CreatePetCommandValidatorTests.Validate_WeightZeroOrNegative_ShouldHaveValidationError(weight: 0)" computerName="Amris-MacBook-Pro" duration="00:00:00.0002710" startTime="2025-09-24T08:08:29.6229160+05:30" endTime="2025-09-24T08:08:29.6229160+05:30" testType="13cdc9d9-ddb5-4fa4-a97d-d965ccfc6d4b" outcome="Passed" testListId="8c84fa94-04c1-424b-9868-57a2d4851a1d" relativeResultsDirectory="a1437c18-d2bb-4c03-ab27-2ebf34d74ce7" />
    <UnitTestResult executionId="cbeb5e3d-f2f0-4272-863d-657b7fc0e385" testId="38476ef2-7410-5883-5cca-3adf1c77e313" testName="PetCare.Application.Tests.Pets.Commands.CreatePetCommandValidatorTests.Validate_InvalidSpecies_ShouldHaveValidationError" computerName="Amris-MacBook-Pro" duration="00:00:00.0046768" startTime="2025-09-24T08:08:29.5470380+05:30" endTime="2025-09-24T08:08:29.5470380+05:30" testType="13cdc9d9-ddb5-4fa4-a97d-d965ccfc6d4b" outcome="Passed" testListId="8c84fa94-04c1-424b-9868-57a2d4851a1d" relativeResultsDirectory="cbeb5e3d-f2f0-4272-863d-657b7fc0e385" />
    <UnitTestResult executionId="fbd64fc5-0a6f-4d5e-8262-82e2b20d31ba" testId="ec970f7e-ba86-07ed-270b-553e13dd5600" testName="PetCare.Application.Tests.Pets.Queries.GetPetByIdQueryHandlerTests.Handle_PetWithCompleteData_ShouldMapAllFieldsCorrectly" computerName="Amris-MacBook-Pro" duration="00:00:00.0086093" startTime="2025-09-24T08:08:29.6515100+05:30" endTime="2025-09-24T08:08:29.6515100+05:30" testType="13cdc9d9-ddb5-4fa4-a97d-d965ccfc6d4b" outcome="Passed" testListId="8c84fa94-04c1-424b-9868-57a2d4851a1d" relativeResultsDirectory="fbd64fc5-0a6f-4d5e-8262-82e2b20d31ba" />
    <UnitTestResult executionId="86bb8e2f-87e1-48af-a50f-623aaad7cfa7" testId="3d929f08-7a2d-19e8-010e-26318b55e48d" testName="PetCare.Application.Tests.Pets.Commands.UpdatePetCommandHandlerTests.Handle_DeactivatePet_ShouldSetIsActiveToFalse" computerName="Amris-MacBook-Pro" duration="00:00:00.0045036" startTime="2025-09-24T08:08:29.6618790+05:30" endTime="2025-09-24T08:08:29.6618790+05:30" testType="13cdc9d9-ddb5-4fa4-a97d-d965ccfc6d4b" outcome="Passed" testListId="8c84fa94-04c1-424b-9868-57a2d4851a1d" relativeResultsDirectory="86bb8e2f-87e1-48af-a50f-623aaad7cfa7" />
    <UnitTestResult executionId="10a22fa7-22c7-49ad-bdb9-f5bda1fd88bc" testId="d52b231e-cca9-3f47-968b-4260d0271ca7" testName="PetCare.Application.Tests.Pets.Commands.UpdatePetCommandHandlerTests.Handle_ValidCommand_ShouldUpdatePetAndReturnDto" computerName="Amris-MacBook-Pro" duration="00:00:00.2726132" startTime="2025-09-24T08:08:29.6566650+05:30" endTime="2025-09-24T08:08:29.6566650+05:30" testType="13cdc9d9-ddb5-4fa4-a97d-d965ccfc6d4b" outcome="Passed" testListId="8c84fa94-04c1-424b-9868-57a2d4851a1d" relativeResultsDirectory="10a22fa7-22c7-49ad-bdb9-f5bda1fd88bc" />
    <UnitTestResult executionId="333c351a-01c9-4240-9812-4e01c5234804" testId="0b9a1f52-5199-216c-9902-90c5b44a99b6" testName="PetCare.Application.Tests.Pets.Queries.GetPetsQueryHandlerTests.Handle_PetsWithVariousProperties_ShouldMapCorrectly" computerName="Amris-MacBook-Pro" duration="00:00:00.0105290" startTime="2025-09-24T08:08:29.6433150+05:30" endTime="2025-09-24T08:08:29.6433150+05:30" testType="13cdc9d9-ddb5-4fa4-a97d-d965ccfc6d4b" outcome="Passed" testListId="8c84fa94-04c1-424b-9868-57a2d4851a1d" relativeResultsDirectory="333c351a-01c9-4240-9812-4e01c5234804" />
    <UnitTestResult executionId="191eee19-cba5-44a6-b440-6c36ae4aab5d" testId="ed532e58-e029-fbd9-2070-5dcd7c42cfdd" testName="PetCare.Application.Tests.Pets.Commands.CreatePetCommandValidatorTests.Validate_NullOptionalFields_ShouldNotHaveValidationErrors" computerName="Amris-MacBook-Pro" duration="00:00:00.0015485" startTime="2025-09-24T08:08:29.6234980+05:30" endTime="2025-09-24T08:08:29.6234980+05:30" testType="13cdc9d9-ddb5-4fa4-a97d-d965ccfc6d4b" outcome="Passed" testListId="8c84fa94-04c1-424b-9868-57a2d4851a1d" relativeResultsDirectory="191eee19-cba5-44a6-b440-6c36ae4aab5d" />
    <UnitTestResult executionId="f6d38263-6ed2-43c8-9178-5dc9eea05290" testId="e34772e3-5f56-1b75-59d0-bc845d517619" testName="PetCare.Application.Tests.Pets.Commands.CreatePetCommandValidatorTests.Validate_DateOfBirthInFuture_ShouldHaveValidationError" computerName="Amris-MacBook-Pro" duration="00:00:00.1311639" startTime="2025-09-24T08:08:29.5328530+05:30" endTime="2025-09-24T08:08:29.5328880+05:30" testType="13cdc9d9-ddb5-4fa4-a97d-d965ccfc6d4b" outcome="Passed" testListId="8c84fa94-04c1-424b-9868-57a2d4851a1d" relativeResultsDirectory="f6d38263-6ed2-43c8-9178-5dc9eea05290" />
    <UnitTestResult executionId="937f735a-dcc1-4d0c-80f1-668f27b9d303" testId="b0100463-b238-63cb-a683-66698b65a13c" testName="PetCare.Application.Tests.Pets.Queries.GetPetByIdQueryHandlerTests.Handle_WithCancellationToken_ShouldPassTokenToRepository" computerName="Amris-MacBook-Pro" duration="00:00:00.2259031" startTime="2025-09-24T08:08:29.6261330+05:30" endTime="2025-09-24T08:08:29.6261330+05:30" testType="13cdc9d9-ddb5-4fa4-a97d-d965ccfc6d4b" outcome="Passed" testListId="8c84fa94-04c1-424b-9868-57a2d4851a1d" relativeResultsDirectory="937f735a-dcc1-4d0c-80f1-668f27b9d303" />
    <UnitTestResult executionId="9710f7f0-7b9e-4746-8a16-909966ebf442" testId="1c40cf47-7f0d-81c4-d104-69f555c95416" testName="PetCare.Application.Tests.Pets.Commands.UpdatePetCommandHandlerTests.Handle_UpdateWithNullOptionalFields_ShouldUpdatePetCorrectly" computerName="Amris-MacBook-Pro" duration="00:00:00.0071975" startTime="2025-09-24T08:08:29.6690810+05:30" endTime="2025-09-24T08:08:29.6690810+05:30" testType="13cdc9d9-ddb5-4fa4-a97d-d965ccfc6d4b" outcome="Passed" testListId="8c84fa94-04c1-424b-9868-57a2d4851a1d" relativeResultsDirectory="9710f7f0-7b9e-4746-8a16-909966ebf442" />
    <UnitTestResult executionId="1265f24e-4109-4911-8458-d8b58d7d99b2" testId="83cf84aa-6bda-7884-0d13-219a82f748c4" testName="PetCare.Application.Tests.Pets.Commands.CreatePetCommandValidatorTests.Validate_MedicalNotesTooLong_ShouldHaveValidationError" computerName="Amris-MacBook-Pro" duration="00:00:00.0005470" startTime="2025-09-24T08:08:29.6240330+05:30" endTime="2025-09-24T08:08:29.6240340+05:30" testType="13cdc9d9-ddb5-4fa4-a97d-d965ccfc6d4b" outcome="Passed" testListId="8c84fa94-04c1-424b-9868-57a2d4851a1d" relativeResultsDirectory="1265f24e-4109-4911-8458-d8b58d7d99b2" />
    <UnitTestResult executionId="59250b62-7abd-4580-abd3-23c3bcc56391" testId="b69cea94-cfe3-4fb2-071f-22fcc3e28fcd" testName="PetCare.Application.Tests.Pets.Commands.CreatePetCommandValidatorTests.Validate_EmptyOrNullOwnerUserId_ShouldHaveValidationError(ownerUserId: &quot;&quot;)" computerName="Amris-MacBook-Pro" duration="00:00:00.0009323" startTime="2025-09-24T08:08:29.6163620+05:30" endTime="2025-09-24T08:08:29.6163620+05:30" testType="13cdc9d9-ddb5-4fa4-a97d-d965ccfc6d4b" outcome="Passed" testListId="8c84fa94-04c1-424b-9868-57a2d4851a1d" relativeResultsDirectory="59250b62-7abd-4580-abd3-23c3bcc56391" />
    <UnitTestResult executionId="dac3c5bf-2194-493c-a5aa-f2cf3a4c3aaf" testId="56cb14ec-d99e-e180-cf95-66b457686167" testName="PetCare.Application.Tests.Pets.Commands.CreatePetCommandValidatorTests.Validate_BreedTooLong_ShouldHaveValidationError" computerName="Amris-MacBook-Pro" duration="00:00:00.0006837" startTime="2025-09-24T08:08:29.6255490+05:30" endTime="2025-09-24T08:08:29.6255490+05:30" testType="13cdc9d9-ddb5-4fa4-a97d-d965ccfc6d4b" outcome="Passed" testListId="8c84fa94-04c1-424b-9868-57a2d4851a1d" relativeResultsDirectory="dac3c5bf-2194-493c-a5aa-f2cf3a4c3aaf" />
    <UnitTestResult executionId="f518265c-4f2d-4900-9251-a197801b43cb" testId="dddca804-24e1-7de6-3a44-90b5338ed020" testName="PetCare.Application.Tests.Pets.Commands.CreatePetCommandValidatorTests.Validate_EmptyOrNullName_ShouldHaveValidationError(name: &quot; &quot;)" computerName="Amris-MacBook-Pro" duration="00:00:00.0007237" startTime="2025-09-24T08:08:29.5495570+05:30" endTime="2025-09-24T08:08:29.5495580+05:30" testType="13cdc9d9-ddb5-4fa4-a97d-d965ccfc6d4b" outcome="Passed" testListId="8c84fa94-04c1-424b-9868-57a2d4851a1d" relativeResultsDirectory="f518265c-4f2d-4900-9251-a197801b43cb" />
    <UnitTestResult executionId="8ebc1339-2eb8-4391-b68d-8d77cd91bf33" testId="5143b60c-eb55-a93d-8f20-d89ab700e42a" testName="PetCare.Application.Tests.Pets.Commands.CreatePetCommandValidatorTests.Validate_DateOfBirthTooOld_ShouldHaveValidationError" computerName="Amris-MacBook-Pro" duration="00:00:00.0007766" startTime="2025-09-24T08:08:29.6248310+05:30" endTime="2025-09-24T08:08:29.6248310+05:30" testType="13cdc9d9-ddb5-4fa4-a97d-d965ccfc6d4b" outcome="Passed" testListId="8c84fa94-04c1-424b-9868-57a2d4851a1d" relativeResultsDirectory="8ebc1339-2eb8-4391-b68d-8d77cd91bf33" />
  </Results>
  <TestDefinitions>
    <UnitTest name="PetCare.Application.Tests.Pets.Queries.GetPetsQueryHandlerTests.Handle_WithCancellationToken_ShouldPassTokenToRepository" storage="/users/amrifazlul/downloads/petcareplus2/backend/tests/petcare.application.tests/bin/debug/net9.0/petcare.application.tests.dll" id="5822ec59-0654-41cd-9c94-bffd01c11a9f">
      <Execution id="c3c10291-e915-4c7b-8dc0-3d9e71a1db49" />
      <TestMethod codeBase="/Users/amrifazlul/Downloads/PetCarePlus2/backend/tests/PetCare.Application.Tests/bin/Debug/net9.0/PetCare.Application.Tests.dll" adapterTypeName="executor://xunit/VsTestRunner2/netcoreapp" className="PetCare.Application.Tests.Pets.Queries.GetPetsQueryHandlerTests" name="Handle_WithCancellationToken_ShouldPassTokenToRepository" />
    </UnitTest>
    <UnitTest name="PetCare.Application.Tests.Pets.Commands.UpdatePetCommandHandlerTests.Handle_DeactivatePet_ShouldSetIsActiveToFalse" storage="/users/amrifazlul/downloads/petcareplus2/backend/tests/petcare.application.tests/bin/debug/net9.0/petcare.application.tests.dll" id="3d929f08-7a2d-19e8-010e-26318b55e48d">
      <Execution id="86bb8e2f-87e1-48af-a50f-623aaad7cfa7" />
      <TestMethod codeBase="/Users/amrifazlul/Downloads/PetCarePlus2/backend/tests/PetCare.Application.Tests/bin/Debug/net9.0/PetCare.Application.Tests.dll" adapterTypeName="executor://xunit/VsTestRunner2/netcoreapp" className="PetCare.Application.Tests.Pets.Commands.UpdatePetCommandHandlerTests" name="Handle_DeactivatePet_ShouldSetIsActiveToFalse" />
    </UnitTest>
    <UnitTest name="PetCare.Application.Tests.Pets.Commands.CreatePetCommandValidatorTests.Validate_WeightTooHigh_ShouldHaveValidationError" storage="/users/amrifazlul/downloads/petcareplus2/backend/tests/petcare.application.tests/bin/debug/net9.0/petcare.application.tests.dll" id="da65ea1b-13e1-29f5-20a8-3a2667ccf999">
      <Execution id="3793c6d4-71d9-439b-9bb8-aa1c2e6421ba" />
      <TestMethod codeBase="/Users/amrifazlul/Downloads/PetCarePlus2/backend/tests/PetCare.Application.Tests/bin/Debug/net9.0/PetCare.Application.Tests.dll" adapterTypeName="executor://xunit/VsTestRunner2/netcoreapp" className="PetCare.Application.Tests.Pets.Commands.CreatePetCommandValidatorTests" name="Validate_WeightTooHigh_ShouldHaveValidationError" />
    </UnitTest>
    <UnitTest name="PetCare.Application.Tests.Pets.Commands.CreatePetCommandValidatorTests.Validate_EmptyOrNullName_ShouldHaveValidationError(name: &quot; &quot;)" storage="/users/amrifazlul/downloads/petcareplus2/backend/tests/petcare.application.tests/bin/debug/net9.0/petcare.application.tests.dll" id="dddca804-24e1-7de6-3a44-90b5338ed020">
      <Execution id="f518265c-4f2d-4900-9251-a197801b43cb" />
      <TestMethod codeBase="/Users/amrifazlul/Downloads/PetCarePlus2/backend/tests/PetCare.Application.Tests/bin/Debug/net9.0/PetCare.Application.Tests.dll" adapterTypeName="executor://xunit/VsTestRunner2/netcoreapp" className="PetCare.Application.Tests.Pets.Commands.CreatePetCommandValidatorTests" name="Validate_EmptyOrNullName_ShouldHaveValidationError" />
    </UnitTest>
    <UnitTest name="PetCare.Application.Tests.Pets.Queries.GetPetByIdQueryHandlerTests.Handle_WhenPetDoesNotExist_ShouldReturnNull" storage="/users/amrifazlul/downloads/petcareplus2/backend/tests/petcare.application.tests/bin/debug/net9.0/petcare.application.tests.dll" id="288ccdca-b6a9-74d2-25de-53467e724a20">
      <Execution id="78d70606-fd83-4958-94d7-e5832a907200" />
      <TestMethod codeBase="/Users/amrifazlul/Downloads/PetCarePlus2/backend/tests/PetCare.Application.Tests/bin/Debug/net9.0/PetCare.Application.Tests.dll" adapterTypeName="executor://xunit/VsTestRunner2/netcoreapp" className="PetCare.Application.Tests.Pets.Queries.GetPetByIdQueryHandlerTests" name="Handle_WhenPetDoesNotExist_ShouldReturnNull" />
    </UnitTest>
    <UnitTest name="PetCare.Application.Tests.Pets.Queries.GetPetsQueryHandlerTests.Handle_WhenPetsExist_ShouldReturnPetSummaryDtos" storage="/users/amrifazlul/downloads/petcareplus2/backend/tests/petcare.application.tests/bin/debug/net9.0/petcare.application.tests.dll" id="ba98f1b7-a8b7-7cee-ebb2-fc0bf581219f">
      <Execution id="65ac8ed0-aaa5-445f-a0ab-1fc65bd0212b" />
      <TestMethod codeBase="/Users/amrifazlul/Downloads/PetCarePlus2/backend/tests/PetCare.Application.Tests/bin/Debug/net9.0/PetCare.Application.Tests.dll" adapterTypeName="executor://xunit/VsTestRunner2/netcoreapp" className="PetCare.Application.Tests.Pets.Queries.GetPetsQueryHandlerTests" name="Handle_WhenPetsExist_ShouldReturnPetSummaryDtos" />
    </UnitTest>
    <UnitTest name="PetCare.Application.Tests.Pets.Commands.CreatePetCommandValidatorTests.Validate_NullName_ShouldHaveValidationError" storage="/users/amrifazlul/downloads/petcareplus2/backend/tests/petcare.application.tests/bin/debug/net9.0/petcare.application.tests.dll" id="18a03a91-1c80-712c-3114-f0fd071c3079">
      <Execution id="0bb6f647-94cc-444a-baa6-cd85c66556d6" />
      <TestMethod codeBase="/Users/amrifazlul/Downloads/PetCarePlus2/backend/tests/PetCare.Application.Tests/bin/Debug/net9.0/PetCare.Application.Tests.dll" adapterTypeName="executor://xunit/VsTestRunner2/netcoreapp" className="PetCare.Application.Tests.Pets.Commands.CreatePetCommandValidatorTests" name="Validate_NullName_ShouldHaveValidationError" />
    </UnitTest>
    <UnitTest name="PetCare.Application.Tests.Pets.Commands.UpdatePetCommandHandlerTests.Handle_PetNotFound_ShouldThrowArgumentException" storage="/users/amrifazlul/downloads/petcareplus2/backend/tests/petcare.application.tests/bin/debug/net9.0/petcare.application.tests.dll" id="78b6d89d-7c37-ad82-06e6-b6638ba431e5">
      <Execution id="1d77b7b3-4928-4503-92f3-be46a7c31d4e" />
      <TestMethod codeBase="/Users/amrifazlul/Downloads/PetCarePlus2/backend/tests/PetCare.Application.Tests/bin/Debug/net9.0/PetCare.Application.Tests.dll" adapterTypeName="executor://xunit/VsTestRunner2/netcoreapp" className="PetCare.Application.Tests.Pets.Commands.UpdatePetCommandHandlerTests" name="Handle_PetNotFound_ShouldThrowArgumentException" />
    </UnitTest>
    <UnitTest name="PetCare.Application.Tests.Pets.Queries.GetPetsQueryHandlerTests.Handle_PetsWithVariousProperties_ShouldMapCorrectly" storage="/users/amrifazlul/downloads/petcareplus2/backend/tests/petcare.application.tests/bin/debug/net9.0/petcare.application.tests.dll" id="0b9a1f52-5199-216c-9902-90c5b44a99b6">
      <Execution id="333c351a-01c9-4240-9812-4e01c5234804" />
      <TestMethod codeBase="/Users/amrifazlul/Downloads/PetCarePlus2/backend/tests/PetCare.Application.Tests/bin/Debug/net9.0/PetCare.Application.Tests.dll" adapterTypeName="executor://xunit/VsTestRunner2/netcoreapp" className="PetCare.Application.Tests.Pets.Queries.GetPetsQueryHandlerTests" name="Handle_PetsWithVariousProperties_ShouldMapCorrectly" />
    </UnitTest>
    <UnitTest name="PetCare.Application.Tests.Pets.Queries.GetPetByIdQueryHandlerTests.Handle_PetWithCompleteData_ShouldMapAllFieldsCorrectly" storage="/users/amrifazlul/downloads/petcareplus2/backend/tests/petcare.application.tests/bin/debug/net9.0/petcare.application.tests.dll" id="ec970f7e-ba86-07ed-270b-553e13dd5600">
      <Execution id="fbd64fc5-0a6f-4d5e-8262-82e2b20d31ba" />
      <TestMethod codeBase="/Users/amrifazlul/Downloads/PetCarePlus2/backend/tests/PetCare.Application.Tests/bin/Debug/net9.0/PetCare.Application.Tests.dll" adapterTypeName="executor://xunit/VsTestRunner2/netcoreapp" className="PetCare.Application.Tests.Pets.Queries.GetPetByIdQueryHandlerTests" name="Handle_PetWithCompleteData_ShouldMapAllFieldsCorrectly" />
    </UnitTest>
    <UnitTest name="PetCare.Application.Tests.Pets.Commands.CreatePetCommandValidatorTests.Validate_MedicalNotesTooLong_ShouldHaveValidationError" storage="/users/amrifazlul/downloads/petcareplus2/backend/tests/petcare.application.tests/bin/debug/net9.0/petcare.application.tests.dll" id="83cf84aa-6bda-7884-0d13-219a82f748c4">
      <Execution id="1265f24e-4109-4911-8458-d8b58d7d99b2" />
      <TestMethod codeBase="/Users/amrifazlul/Downloads/PetCarePlus2/backend/tests/PetCare.Application.Tests/bin/Debug/net9.0/PetCare.Application.Tests.dll" adapterTypeName="executor://xunit/VsTestRunner2/netcoreapp" className="PetCare.Application.Tests.Pets.Commands.CreatePetCommandValidatorTests" name="Validate_MedicalNotesTooLong_ShouldHaveValidationError" />
    </UnitTest>
    <UnitTest name="PetCare.Application.Tests.Pets.Queries.GetPetByIdQueryHandlerTests.Handle_WhenPetExists_ShouldReturnPetDto" storage="/users/amrifazlul/downloads/petcareplus2/backend/tests/petcare.application.tests/bin/debug/net9.0/petcare.application.tests.dll" id="be1404cc-8eea-0475-659f-eee1de223e22">
      <Execution id="e3298a0e-f865-4f00-a92d-ec38dfc1448f" />
      <TestMethod codeBase="/Users/amrifazlul/Downloads/PetCarePlus2/backend/tests/PetCare.Application.Tests/bin/Debug/net9.0/PetCare.Application.Tests.dll" adapterTypeName="executor://xunit/VsTestRunner2/netcoreapp" className="PetCare.Application.Tests.Pets.Queries.GetPetByIdQueryHandlerTests" name="Handle_WhenPetExists_ShouldReturnPetDto" />
    </UnitTest>
    <UnitTest name="PetCare.Application.Tests.Pets.Commands.CreatePetCommandValidatorTests.Validate_EmptyOrNullOwnerUserId_ShouldHaveValidationError(ownerUserId: &quot; &quot;)" storage="/users/amrifazlul/downloads/petcareplus2/backend/tests/petcare.application.tests/bin/debug/net9.0/petcare.application.tests.dll" id="49517013-c7e3-b9ea-7017-a771d44bf345">
      <Execution id="c1fe5bcd-7090-4e8f-8802-0e7868837872" />
      <TestMethod codeBase="/Users/amrifazlul/Downloads/PetCarePlus2/backend/tests/PetCare.Application.Tests/bin/Debug/net9.0/PetCare.Application.Tests.dll" adapterTypeName="executor://xunit/VsTestRunner2/netcoreapp" className="PetCare.Application.Tests.Pets.Commands.CreatePetCommandValidatorTests" name="Validate_EmptyOrNullOwnerUserId_ShouldHaveValidationError" />
    </UnitTest>
    <UnitTest name="PetCare.Application.Tests.Pets.Commands.CreatePetCommandValidatorTests.Validate_DateOfBirthInFuture_ShouldHaveValidationError" storage="/users/amrifazlul/downloads/petcareplus2/backend/tests/petcare.application.tests/bin/debug/net9.0/petcare.application.tests.dll" id="e34772e3-5f56-1b75-59d0-bc845d517619">
      <Execution id="f6d38263-6ed2-43c8-9178-5dc9eea05290" />
      <TestMethod codeBase="/Users/amrifazlul/Downloads/PetCarePlus2/backend/tests/PetCare.Application.Tests/bin/Debug/net9.0/PetCare.Application.Tests.dll" adapterTypeName="executor://xunit/VsTestRunner2/netcoreapp" className="PetCare.Application.Tests.Pets.Commands.CreatePetCommandValidatorTests" name="Validate_DateOfBirthInFuture_ShouldHaveValidationError" />
    </UnitTest>
    <UnitTest name="PetCare.Application.Tests.Pets.Commands.CreatePetCommandValidatorTests.Validate_DateOfBirthTooOld_ShouldHaveValidationError" storage="/users/amrifazlul/downloads/petcareplus2/backend/tests/petcare.application.tests/bin/debug/net9.0/petcare.application.tests.dll" id="5143b60c-eb55-a93d-8f20-d89ab700e42a">
      <Execution id="8ebc1339-2eb8-4391-b68d-8d77cd91bf33" />
      <TestMethod codeBase="/Users/amrifazlul/Downloads/PetCarePlus2/backend/tests/PetCare.Application.Tests/bin/Debug/net9.0/PetCare.Application.Tests.dll" adapterTypeName="executor://xunit/VsTestRunner2/netcoreapp" className="PetCare.Application.Tests.Pets.Commands.CreatePetCommandValidatorTests" name="Validate_DateOfBirthTooOld_ShouldHaveValidationError" />
    </UnitTest>
    <UnitTest name="PetCare.Application.Tests.Pets.Commands.CreatePetCommandValidatorTests.Validate_NullOwnerUserId_ShouldHaveValidationError" storage="/users/amrifazlul/downloads/petcareplus2/backend/tests/petcare.application.tests/bin/debug/net9.0/petcare.application.tests.dll" id="90d3cf26-024d-ffa4-b1c2-2e872317920d">
      <Execution id="58eb624f-e5cc-4603-97dd-6c30806e0d14" />
      <TestMethod codeBase="/Users/amrifazlul/Downloads/PetCarePlus2/backend/tests/PetCare.Application.Tests/bin/Debug/net9.0/PetCare.Application.Tests.dll" adapterTypeName="executor://xunit/VsTestRunner2/netcoreapp" className="PetCare.Application.Tests.Pets.Commands.CreatePetCommandValidatorTests" name="Validate_NullOwnerUserId_ShouldHaveValidationError" />
    </UnitTest>
    <UnitTest name="PetCare.Application.Tests.Pets.Commands.UpdatePetCommandHandlerTests.Handle_UpdateWithNullOptionalFields_ShouldUpdatePetCorrectly" storage="/users/amrifazlul/downloads/petcareplus2/backend/tests/petcare.application.tests/bin/debug/net9.0/petcare.application.tests.dll" id="1c40cf47-7f0d-81c4-d104-69f555c95416">
      <Execution id="9710f7f0-7b9e-4746-8a16-909966ebf442" />
      <TestMethod codeBase="/Users/amrifazlul/Downloads/PetCarePlus2/backend/tests/PetCare.Application.Tests/bin/Debug/net9.0/PetCare.Application.Tests.dll" adapterTypeName="executor://xunit/VsTestRunner2/netcoreapp" className="PetCare.Application.Tests.Pets.Commands.UpdatePetCommandHandlerTests" name="Handle_UpdateWithNullOptionalFields_ShouldUpdatePetCorrectly" />
    </UnitTest>
    <UnitTest name="PetCare.Application.Tests.Pets.Queries.GetPetByIdQueryHandlerTests.Handle_PetWithNullOptionalFields_ShouldMapCorrectly" storage="/users/amrifazlul/downloads/petcareplus2/backend/tests/petcare.application.tests/bin/debug/net9.0/petcare.application.tests.dll" id="c97c9ea5-8bdc-07b3-9ce0-fd754375563d">
      <Execution id="6489fbde-93b9-4d12-877f-c026a95fb8fb" />
      <TestMethod codeBase="/Users/amrifazlul/Downloads/PetCarePlus2/backend/tests/PetCare.Application.Tests/bin/Debug/net9.0/PetCare.Application.Tests.dll" adapterTypeName="executor://xunit/VsTestRunner2/netcoreapp" className="PetCare.Application.Tests.Pets.Queries.GetPetByIdQueryHandlerTests" name="Handle_PetWithNullOptionalFields_ShouldMapCorrectly" />
    </UnitTest>
    <UnitTest name="PetCare.Application.Tests.Pets.Commands.CreatePetCommandValidatorTests.Validate_WeightZeroOrNegative_ShouldHaveValidationError(weight: 0)" storage="/users/amrifazlul/downloads/petcareplus2/backend/tests/petcare.application.tests/bin/debug/net9.0/petcare.application.tests.dll" id="ded1fe5f-6542-57e6-72fb-6ed9d33b90ed">
      <Execution id="a1437c18-d2bb-4c03-ab27-2ebf34d74ce7" />
      <TestMethod codeBase="/Users/amrifazlul/Downloads/PetCarePlus2/backend/tests/PetCare.Application.Tests/bin/Debug/net9.0/PetCare.Application.Tests.dll" adapterTypeName="executor://xunit/VsTestRunner2/netcoreapp" className="PetCare.Application.Tests.Pets.Commands.CreatePetCommandValidatorTests" name="Validate_WeightZeroOrNegative_ShouldHaveValidationError" />
    </UnitTest>
    <UnitTest name="PetCare.Application.Tests.Pets.Commands.CreatePetCommandHandlerTests.Handle_CommandWithCancellationToken_ShouldPassTokenToRepository" storage="/users/amrifazlul/downloads/petcareplus2/backend/tests/petcare.application.tests/bin/debug/net9.0/petcare.application.tests.dll" id="0cbecf72-ce07-c86f-8fec-4f263609b06a">
      <Execution id="b1ee2ffb-4814-41e5-a1eb-c470290257a1" />
      <TestMethod codeBase="/Users/amrifazlul/Downloads/PetCarePlus2/backend/tests/PetCare.Application.Tests/bin/Debug/net9.0/PetCare.Application.Tests.dll" adapterTypeName="executor://xunit/VsTestRunner2/netcoreapp" className="PetCare.Application.Tests.Pets.Commands.CreatePetCommandHandlerTests" name="Handle_CommandWithCancellationToken_ShouldPassTokenToRepository" />
    </UnitTest>
    <UnitTest name="PetCare.Application.Tests.Pets.Commands.CreatePetCommandValidatorTests.Validate_EmptyOrNullName_ShouldHaveValidationError(name: &quot;&quot;)" storage="/users/amrifazlul/downloads/petcareplus2/backend/tests/petcare.application.tests/bin/debug/net9.0/petcare.application.tests.dll" id="61852a13-54c8-259c-e890-2ea1f216328e">
      <Execution id="4392ec1a-9a11-4b08-a9cb-da152b52da18" />
      <TestMethod codeBase="/Users/amrifazlul/Downloads/PetCarePlus2/backend/tests/PetCare.Application.Tests/bin/Debug/net9.0/PetCare.Application.Tests.dll" adapterTypeName="executor://xunit/VsTestRunner2/netcoreapp" className="PetCare.Application.Tests.Pets.Commands.CreatePetCommandValidatorTests" name="Validate_EmptyOrNullName_ShouldHaveValidationError" />
    </UnitTest>
    <UnitTest name="PetCare.Application.Tests.Pets.Commands.CreatePetCommandHandlerTests.Handle_CommandWithoutOptionalFields_ShouldCreatePetWithNullValues" storage="/users/amrifazlul/downloads/petcareplus2/backend/tests/petcare.application.tests/bin/debug/net9.0/petcare.application.tests.dll" id="633cdddf-13bd-5529-ab4a-f1ef4d6adfa7">
      <Execution id="0dd8416e-12ab-451f-8978-25325d223a47" />
      <TestMethod codeBase="/Users/amrifazlul/Downloads/PetCarePlus2/backend/tests/PetCare.Application.Tests/bin/Debug/net9.0/PetCare.Application.Tests.dll" adapterTypeName="executor://xunit/VsTestRunner2/netcoreapp" className="PetCare.Application.Tests.Pets.Commands.CreatePetCommandHandlerTests" name="Handle_CommandWithoutOptionalFields_ShouldCreatePetWithNullValues" />
    </UnitTest>
    <UnitTest name="PetCare.Application.Tests.Pets.Commands.CreatePetCommandValidatorTests.Validate_WeightZeroOrNegative_ShouldHaveValidationError(weight: -1)" storage="/users/amrifazlul/downloads/petcareplus2/backend/tests/petcare.application.tests/bin/debug/net9.0/petcare.application.tests.dll" id="f9b847a4-cd25-fd14-7294-d5516d75ab29">
      <Execution id="983a4d76-f9a6-4166-ba5f-e7d8e6282bd6" />
      <TestMethod codeBase="/Users/amrifazlul/Downloads/PetCarePlus2/backend/tests/PetCare.Application.Tests/bin/Debug/net9.0/PetCare.Application.Tests.dll" adapterTypeName="executor://xunit/VsTestRunner2/netcoreapp" className="PetCare.Application.Tests.Pets.Commands.CreatePetCommandValidatorTests" name="Validate_WeightZeroOrNegative_ShouldHaveValidationError" />
    </UnitTest>
    <UnitTest name="PetCare.Application.Tests.Pets.Queries.GetPetByIdQueryHandlerTests.Handle_WithCancellationToken_ShouldPassTokenToRepository" storage="/users/amrifazlul/downloads/petcareplus2/backend/tests/petcare.application.tests/bin/debug/net9.0/petcare.application.tests.dll" id="b0100463-b238-63cb-a683-66698b65a13c">
      <Execution id="937f735a-dcc1-4d0c-80f1-668f27b9d303" />
      <TestMethod codeBase="/Users/amrifazlul/Downloads/PetCarePlus2/backend/tests/PetCare.Application.Tests/bin/Debug/net9.0/PetCare.Application.Tests.dll" adapterTypeName="executor://xunit/VsTestRunner2/netcoreapp" className="PetCare.Application.Tests.Pets.Queries.GetPetByIdQueryHandlerTests" name="Handle_WithCancellationToken_ShouldPassTokenToRepository" />
    </UnitTest>
    <UnitTest name="PetCare.Application.Tests.Pets.Commands.CreatePetCommandValidatorTests.Validate_NameTooLong_ShouldHaveValidationError" storage="/users/amrifazlul/downloads/petcareplus2/backend/tests/petcare.application.tests/bin/debug/net9.0/petcare.application.tests.dll" id="65f86730-888b-b48b-2414-67f7475ad10a">
      <Execution id="5f7a4a24-83a0-42c4-a5b5-c7d2c9ead004" />
      <TestMethod codeBase="/Users/amrifazlul/Downloads/PetCarePlus2/backend/tests/PetCare.Application.Tests/bin/Debug/net9.0/PetCare.Application.Tests.dll" adapterTypeName="executor://xunit/VsTestRunner2/netcoreapp" className="PetCare.Application.Tests.Pets.Commands.CreatePetCommandValidatorTests" name="Validate_NameTooLong_ShouldHaveValidationError" />
    </UnitTest>
    <UnitTest name="PetCare.Application.Tests.Pets.Commands.CreatePetCommandValidatorTests.Validate_ColorTooLong_ShouldHaveValidationError" storage="/users/amrifazlul/downloads/petcareplus2/backend/tests/petcare.application.tests/bin/debug/net9.0/petcare.application.tests.dll" id="c3b073ae-8f09-1687-0881-dd0820d88887">
      <Execution id="b3f2bbe7-1032-4a9c-a1ef-ad8f18e6f5c0" />
      <TestMethod codeBase="/Users/amrifazlul/Downloads/PetCarePlus2/backend/tests/PetCare.Application.Tests/bin/Debug/net9.0/PetCare.Application.Tests.dll" adapterTypeName="executor://xunit/VsTestRunner2/netcoreapp" className="PetCare.Application.Tests.Pets.Commands.CreatePetCommandValidatorTests" name="Validate_ColorTooLong_ShouldHaveValidationError" />
    </UnitTest>
    <UnitTest name="PetCare.Application.Tests.Pets.Commands.UpdatePetCommandHandlerTests.Handle_ValidCommand_ShouldUpdatePetAndReturnDto" storage="/users/amrifazlul/downloads/petcareplus2/backend/tests/petcare.application.tests/bin/debug/net9.0/petcare.application.tests.dll" id="d52b231e-cca9-3f47-968b-4260d0271ca7">
      <Execution id="10a22fa7-22c7-49ad-bdb9-f5bda1fd88bc" />
      <TestMethod codeBase="/Users/amrifazlul/Downloads/PetCarePlus2/backend/tests/PetCare.Application.Tests/bin/Debug/net9.0/PetCare.Application.Tests.dll" adapterTypeName="executor://xunit/VsTestRunner2/netcoreapp" className="PetCare.Application.Tests.Pets.Commands.UpdatePetCommandHandlerTests" name="Handle_ValidCommand_ShouldUpdatePetAndReturnDto" />
    </UnitTest>
    <UnitTest name="PetCare.Application.Tests.Pets.Commands.CreatePetCommandValidatorTests.Validate_BreedTooLong_ShouldHaveValidationError" storage="/users/amrifazlul/downloads/petcareplus2/backend/tests/petcare.application.tests/bin/debug/net9.0/petcare.application.tests.dll" id="56cb14ec-d99e-e180-cf95-66b457686167">
      <Execution id="dac3c5bf-2194-493c-a5aa-f2cf3a4c3aaf" />
      <TestMethod codeBase="/Users/amrifazlul/Downloads/PetCarePlus2/backend/tests/PetCare.Application.Tests/bin/Debug/net9.0/PetCare.Application.Tests.dll" adapterTypeName="executor://xunit/VsTestRunner2/netcoreapp" className="PetCare.Application.Tests.Pets.Commands.CreatePetCommandValidatorTests" name="Validate_BreedTooLong_ShouldHaveValidationError" />
    </UnitTest>
    <UnitTest name="PetCare.Application.Tests.Pets.Commands.CreatePetCommandValidatorTests.Validate_WeightZeroOrNegative_ShouldHaveValidationError(weight: -10.5)" storage="/users/amrifazlul/downloads/petcareplus2/backend/tests/petcare.application.tests/bin/debug/net9.0/petcare.application.tests.dll" id="9525afd6-3132-17c4-b745-412e8db1cb41">
      <Execution id="7dd1293c-8c8f-4d1f-a98d-30f7a710f16f" />
      <TestMethod codeBase="/Users/amrifazlul/Downloads/PetCarePlus2/backend/tests/PetCare.Application.Tests/bin/Debug/net9.0/PetCare.Application.Tests.dll" adapterTypeName="executor://xunit/VsTestRunner2/netcoreapp" className="PetCare.Application.Tests.Pets.Commands.CreatePetCommandValidatorTests" name="Validate_WeightZeroOrNegative_ShouldHaveValidationError" />
    </UnitTest>
    <UnitTest name="PetCare.Application.Tests.Pets.Commands.CreatePetCommandValidatorTests.Validate_ValidCommand_ShouldNotHaveValidationErrors" storage="/users/amrifazlul/downloads/petcareplus2/backend/tests/petcare.application.tests/bin/debug/net9.0/petcare.application.tests.dll" id="0f90b6c9-3c6c-2294-f544-571d8f647621">
      <Execution id="99ec4bff-e1ff-428b-a543-c1ab8f52328a" />
      <TestMethod codeBase="/Users/amrifazlul/Downloads/PetCarePlus2/backend/tests/PetCare.Application.Tests/bin/Debug/net9.0/PetCare.Application.Tests.dll" adapterTypeName="executor://xunit/VsTestRunner2/netcoreapp" className="PetCare.Application.Tests.Pets.Commands.CreatePetCommandValidatorTests" name="Validate_ValidCommand_ShouldNotHaveValidationErrors" />
    </UnitTest>
    <UnitTest name="PetCare.Application.Tests.Pets.Commands.CreatePetCommandHandlerTests.Handle_ValidCommand_ShouldCreatePetAndReturnDto" storage="/users/amrifazlul/downloads/petcareplus2/backend/tests/petcare.application.tests/bin/debug/net9.0/petcare.application.tests.dll" id="15c64731-a72d-2ba2-ef94-95e25650024b">
      <Execution id="fd88be62-043f-4f5b-9ace-437a38ccb6ac" />
      <TestMethod codeBase="/Users/amrifazlul/Downloads/PetCarePlus2/backend/tests/PetCare.Application.Tests/bin/Debug/net9.0/PetCare.Application.Tests.dll" adapterTypeName="executor://xunit/VsTestRunner2/netcoreapp" className="PetCare.Application.Tests.Pets.Commands.CreatePetCommandHandlerTests" name="Handle_ValidCommand_ShouldCreatePetAndReturnDto" />
    </UnitTest>
    <UnitTest name="PetCare.Application.Tests.Pets.Queries.GetPetsQueryHandlerTests.Handle_WhenNoPetsExist_ShouldReturnEmptyList" storage="/users/amrifazlul/downloads/petcareplus2/backend/tests/petcare.application.tests/bin/debug/net9.0/petcare.application.tests.dll" id="5f694596-783e-4087-eb99-436758d4ddd5">
      <Execution id="d61e3569-233d-44b1-b662-ac99ceeeb863" />
      <TestMethod codeBase="/Users/amrifazlul/Downloads/PetCarePlus2/backend/tests/PetCare.Application.Tests/bin/Debug/net9.0/PetCare.Application.Tests.dll" adapterTypeName="executor://xunit/VsTestRunner2/netcoreapp" className="PetCare.Application.Tests.Pets.Queries.GetPetsQueryHandlerTests" name="Handle_WhenNoPetsExist_ShouldReturnEmptyList" />
    </UnitTest>
    <UnitTest name="PetCare.Application.Tests.Pets.Commands.CreatePetCommandValidatorTests.Validate_InvalidSpecies_ShouldHaveValidationError" storage="/users/amrifazlul/downloads/petcareplus2/backend/tests/petcare.application.tests/bin/debug/net9.0/petcare.application.tests.dll" id="38476ef2-7410-5883-5cca-3adf1c77e313">
      <Execution id="cbeb5e3d-f2f0-4272-863d-657b7fc0e385" />
      <TestMethod codeBase="/Users/amrifazlul/Downloads/PetCarePlus2/backend/tests/PetCare.Application.Tests/bin/Debug/net9.0/PetCare.Application.Tests.dll" adapterTypeName="executor://xunit/VsTestRunner2/netcoreapp" className="PetCare.Application.Tests.Pets.Commands.CreatePetCommandValidatorTests" name="Validate_InvalidSpecies_ShouldHaveValidationError" />
    </UnitTest>
    <UnitTest name="PetCare.Application.Tests.Pets.Commands.UpdatePetCommandHandlerTests.Handle_CommandWithCancellationToken_ShouldPassTokenToRepository" storage="/users/amrifazlul/downloads/petcareplus2/backend/tests/petcare.application.tests/bin/debug/net9.0/petcare.application.tests.dll" id="7328ad71-16cb-2f92-ed43-49ad381f026e">
      <Execution id="8222f97f-07ea-425e-8253-16bcd5ee875f" />
      <TestMethod codeBase="/Users/amrifazlul/Downloads/PetCarePlus2/backend/tests/PetCare.Application.Tests/bin/Debug/net9.0/PetCare.Application.Tests.dll" adapterTypeName="executor://xunit/VsTestRunner2/netcoreapp" className="PetCare.Application.Tests.Pets.Commands.UpdatePetCommandHandlerTests" name="Handle_CommandWithCancellationToken_ShouldPassTokenToRepository" />
    </UnitTest>
    <UnitTest name="PetCare.Application.Tests.Pets.Commands.CreatePetCommandValidatorTests.Validate_EmptyOrNullOwnerUserId_ShouldHaveValidationError(ownerUserId: &quot;&quot;)" storage="/users/amrifazlul/downloads/petcareplus2/backend/tests/petcare.application.tests/bin/debug/net9.0/petcare.application.tests.dll" id="b69cea94-cfe3-4fb2-071f-22fcc3e28fcd">
      <Execution id="59250b62-7abd-4580-abd3-23c3bcc56391" />
      <TestMethod codeBase="/Users/amrifazlul/Downloads/PetCarePlus2/backend/tests/PetCare.Application.Tests/bin/Debug/net9.0/PetCare.Application.Tests.dll" adapterTypeName="executor://xunit/VsTestRunner2/netcoreapp" className="PetCare.Application.Tests.Pets.Commands.CreatePetCommandValidatorTests" name="Validate_EmptyOrNullOwnerUserId_ShouldHaveValidationError" />
    </UnitTest>
    <UnitTest name="PetCare.Application.Tests.Pets.Commands.CreatePetCommandValidatorTests.Validate_NullOptionalFields_ShouldNotHaveValidationErrors" storage="/users/amrifazlul/downloads/petcareplus2/backend/tests/petcare.application.tests/bin/debug/net9.0/petcare.application.tests.dll" id="ed532e58-e029-fbd9-2070-5dcd7c42cfdd">
      <Execution id="191eee19-cba5-44a6-b440-6c36ae4aab5d" />
      <TestMethod codeBase="/Users/amrifazlul/Downloads/PetCarePlus2/backend/tests/PetCare.Application.Tests/bin/Debug/net9.0/PetCare.Application.Tests.dll" adapterTypeName="executor://xunit/VsTestRunner2/netcoreapp" className="PetCare.Application.Tests.Pets.Commands.CreatePetCommandValidatorTests" name="Validate_NullOptionalFields_ShouldNotHaveValidationErrors" />
    </UnitTest>
  </TestDefinitions>
  <TestEntries>
    <TestEntry testId="633cdddf-13bd-5529-ab4a-f1ef4d6adfa7" executionId="0dd8416e-12ab-451f-8978-25325d223a47" testListId="8c84fa94-04c1-424b-9868-57a2d4851a1d" />
    <TestEntry testId="90d3cf26-024d-ffa4-b1c2-2e872317920d" executionId="58eb624f-e5cc-4603-97dd-6c30806e0d14" testListId="8c84fa94-04c1-424b-9868-57a2d4851a1d" />
    <TestEntry testId="5f694596-783e-4087-eb99-436758d4ddd5" executionId="d61e3569-233d-44b1-b662-ac99ceeeb863" testListId="8c84fa94-04c1-424b-9868-57a2d4851a1d" />
    <TestEntry testId="c97c9ea5-8bdc-07b3-9ce0-fd754375563d" executionId="6489fbde-93b9-4d12-877f-c026a95fb8fb" testListId="8c84fa94-04c1-424b-9868-57a2d4851a1d" />
    <TestEntry testId="61852a13-54c8-259c-e890-2ea1f216328e" executionId="4392ec1a-9a11-4b08-a9cb-da152b52da18" testListId="8c84fa94-04c1-424b-9868-57a2d4851a1d" />
    <TestEntry testId="15c64731-a72d-2ba2-ef94-95e25650024b" executionId="fd88be62-043f-4f5b-9ace-437a38ccb6ac" testListId="8c84fa94-04c1-424b-9868-57a2d4851a1d" />
    <TestEntry testId="f9b847a4-cd25-fd14-7294-d5516d75ab29" executionId="983a4d76-f9a6-4166-ba5f-e7d8e6282bd6" testListId="8c84fa94-04c1-424b-9868-57a2d4851a1d" />
    <TestEntry testId="c3b073ae-8f09-1687-0881-dd0820d88887" executionId="b3f2bbe7-1032-4a9c-a1ef-ad8f18e6f5c0" testListId="8c84fa94-04c1-424b-9868-57a2d4851a1d" />
    <TestEntry testId="ba98f1b7-a8b7-7cee-ebb2-fc0bf581219f" executionId="65ac8ed0-aaa5-445f-a0ab-1fc65bd0212b" testListId="8c84fa94-04c1-424b-9868-57a2d4851a1d" />
    <TestEntry testId="78b6d89d-7c37-ad82-06e6-b6638ba431e5" executionId="1d77b7b3-4928-4503-92f3-be46a7c31d4e" testListId="8c84fa94-04c1-424b-9868-57a2d4851a1d" />
    <TestEntry testId="be1404cc-8eea-0475-659f-eee1de223e22" executionId="e3298a0e-f865-4f00-a92d-ec38dfc1448f" testListId="8c84fa94-04c1-424b-9868-57a2d4851a1d" />
    <TestEntry testId="9525afd6-3132-17c4-b745-412e8db1cb41" executionId="7dd1293c-8c8f-4d1f-a98d-30f7a710f16f" testListId="8c84fa94-04c1-424b-9868-57a2d4851a1d" />
    <TestEntry testId="18a03a91-1c80-712c-3114-f0fd071c3079" executionId="0bb6f647-94cc-444a-baa6-cd85c66556d6" testListId="8c84fa94-04c1-424b-9868-57a2d4851a1d" />
    <TestEntry testId="49517013-c7e3-b9ea-7017-a771d44bf345" executionId="c1fe5bcd-7090-4e8f-8802-0e7868837872" testListId="8c84fa94-04c1-424b-9868-57a2d4851a1d" />
    <TestEntry testId="0cbecf72-ce07-c86f-8fec-4f263609b06a" executionId="b1ee2ffb-4814-41e5-a1eb-c470290257a1" testListId="8c84fa94-04c1-424b-9868-57a2d4851a1d" />
    <TestEntry testId="5822ec59-0654-41cd-9c94-bffd01c11a9f" executionId="c3c10291-e915-4c7b-8dc0-3d9e71a1db49" testListId="8c84fa94-04c1-424b-9868-57a2d4851a1d" />
    <TestEntry testId="7328ad71-16cb-2f92-ed43-49ad381f026e" executionId="8222f97f-07ea-425e-8253-16bcd5ee875f" testListId="8c84fa94-04c1-424b-9868-57a2d4851a1d" />
    <TestEntry testId="65f86730-888b-b48b-2414-67f7475ad10a" executionId="5f7a4a24-83a0-42c4-a5b5-c7d2c9ead004" testListId="8c84fa94-04c1-424b-9868-57a2d4851a1d" />
    <TestEntry testId="288ccdca-b6a9-74d2-25de-53467e724a20" executionId="78d70606-fd83-4958-94d7-e5832a907200" testListId="8c84fa94-04c1-424b-9868-57a2d4851a1d" />
    <TestEntry testId="0f90b6c9-3c6c-2294-f544-571d8f647621" executionId="99ec4bff-e1ff-428b-a543-c1ab8f52328a" testListId="8c84fa94-04c1-424b-9868-57a2d4851a1d" />
    <TestEntry testId="da65ea1b-13e1-29f5-20a8-3a2667ccf999" executionId="3793c6d4-71d9-439b-9bb8-aa1c2e6421ba" testListId="8c84fa94-04c1-424b-9868-57a2d4851a1d" />
    <TestEntry testId="ded1fe5f-6542-57e6-72fb-6ed9d33b90ed" executionId="a1437c18-d2bb-4c03-ab27-2ebf34d74ce7" testListId="8c84fa94-04c1-424b-9868-57a2d4851a1d" />
    <TestEntry testId="38476ef2-7410-5883-5cca-3adf1c77e313" executionId="cbeb5e3d-f2f0-4272-863d-657b7fc0e385" testListId="8c84fa94-04c1-424b-9868-57a2d4851a1d" />
    <TestEntry testId="ec970f7e-ba86-07ed-270b-553e13dd5600" executionId="fbd64fc5-0a6f-4d5e-8262-82e2b20d31ba" testListId="8c84fa94-04c1-424b-9868-57a2d4851a1d" />
    <TestEntry testId="3d929f08-7a2d-19e8-010e-26318b55e48d" executionId="86bb8e2f-87e1-48af-a50f-623aaad7cfa7" testListId="8c84fa94-04c1-424b-9868-57a2d4851a1d" />
    <TestEntry testId="d52b231e-cca9-3f47-968b-4260d0271ca7" executionId="10a22fa7-22c7-49ad-bdb9-f5bda1fd88bc" testListId="8c84fa94-04c1-424b-9868-57a2d4851a1d" />
    <TestEntry testId="0b9a1f52-5199-216c-9902-90c5b44a99b6" executionId="333c351a-01c9-4240-9812-4e01c5234804" testListId="8c84fa94-04c1-424b-9868-57a2d4851a1d" />
    <TestEntry testId="ed532e58-e029-fbd9-2070-5dcd7c42cfdd" executionId="191eee19-cba5-44a6-b440-6c36ae4aab5d" testListId="8c84fa94-04c1-424b-9868-57a2d4851a1d" />
    <TestEntry testId="e34772e3-5f56-1b75-59d0-bc845d517619" executionId="f6d38263-6ed2-43c8-9178-5dc9eea05290" testListId="8c84fa94-04c1-424b-9868-57a2d4851a1d" />
    <TestEntry testId="b0100463-b238-63cb-a683-66698b65a13c" executionId="937f735a-dcc1-4d0c-80f1-668f27b9d303" testListId="8c84fa94-04c1-424b-9868-57a2d4851a1d" />
    <TestEntry testId="1c40cf47-7f0d-81c4-d104-69f555c95416" executionId="9710f7f0-7b9e-4746-8a16-909966ebf442" testListId="8c84fa94-04c1-424b-9868-57a2d4851a1d" />
    <TestEntry testId="83cf84aa-6bda-7884-0d13-219a82f748c4" executionId="1265f24e-4109-4911-8458-d8b58d7d99b2" testListId="8c84fa94-04c1-424b-9868-57a2d4851a1d" />
    <TestEntry testId="b69cea94-cfe3-4fb2-071f-22fcc3e28fcd" executionId="59250b62-7abd-4580-abd3-23c3bcc56391" testListId="8c84fa94-04c1-424b-9868-57a2d4851a1d" />
    <TestEntry testId="56cb14ec-d99e-e180-cf95-66b457686167" executionId="dac3c5bf-2194-493c-a5aa-f2cf3a4c3aaf" testListId="8c84fa94-04c1-424b-9868-57a2d4851a1d" />
    <TestEntry testId="dddca804-24e1-7de6-3a44-90b5338ed020" executionId="f518265c-4f2d-4900-9251-a197801b43cb" testListId="8c84fa94-04c1-424b-9868-57a2d4851a1d" />
    <TestEntry testId="5143b60c-eb55-a93d-8f20-d89ab700e42a" executionId="8ebc1339-2eb8-4391-b68d-8d77cd91bf33" testListId="8c84fa94-04c1-424b-9868-57a2d4851a1d" />
  </TestEntries>
  <TestLists>
    <TestList name="Results Not in a List" id="8c84fa94-04c1-424b-9868-57a2d4851a1d" />
    <TestList name="All Loaded Results" id="19431567-8539-422a-85d7-44ee4e166bda" />
  </TestLists>
  <ResultSummary outcome="Completed">
    <Counters total="36" executed="36" passed="36" failed="0" error="0" timeout="0" aborted="0" inconclusive="0" passedButRunAborted="0" notRunnable="0" notExecuted="0" disconnected="0" warning="0" completed="0" inProgress="0" pending="0" />
    <Output>
      <StdOut>[xUnit.net 00:00:00.00] xUnit.net VSTest Adapter v2.8.2+699d445a1a (64-bit .NET 9.0.8)
[xUnit.net 00:00:00.23]   Discovering: PetCare.Application.Tests
[xUnit.net 00:00:00.40]   Discovered:  PetCare.Application.Tests
[xUnit.net 00:00:00.40]   Starting:    PetCare.Application.Tests
     Warning:
     The component "Fluent Assertions" is governed by the rules defined in the Xceed License Agreement and
     the Xceed Fluent Assertions Community License. You may use Fluent Assertions free of charge for
     non-commercial use only. An active subscription is required to use Fluent Assertions for commercial use.
     Please contact Xceed Sales mailto:sales@xceed.com to acquire a subscription at a very low cost.
     A paid commercial license supports the development and continued increasing support of
     Fluent Assertions users under both commercial and community licenses. Help us
     keep Fluent Assertions at the forefront of unit testing.
     For more information, visit https://xceed.com/products/unit-testing/fluent-assertions/
[xUnit.net 00:00:00.85]   Finished:    PetCare.Application.Tests
</StdOut>
    </Output>
    <CollectorDataEntries>
      <Collector agentName="Amris-MacBook-Pro" uri="datacollector://microsoft/CoverletCodeCoverage/1.0" collectorDisplayName="XPlat code coverage">
        <UriAttachments>
          <UriAttachment>
            <A href="Amris-MacBook-Pro/coverage.cobertura.xml"></A>
          </UriAttachment>
        </UriAttachments>
      </Collector>
    </CollectorDataEntries>
  </ResultSummary>
</TestRun>