<?xml version="1.0" encoding="utf-8"?>
<TestRun id="aa11074d-7ea8-4605-9e79-44c92b16636a" name="@Amris-MacBook-Pro 2025-09-24 08:08:42" xmlns="http://microsoft.com/schemas/VisualStudio/TeamTest/2010">
  <Times creation="2025-09-24T08:08:42.4637500+05:30" queuing="2025-09-24T08:08:42.4637500+05:30" start="2025-09-24T08:08:36.7863050+05:30" finish="2025-09-24T08:08:42.9217470+05:30" />
  <TestSettings name="default" id="e22fd55b-1fb4-45a6-a8d6-db55a5f43876">
    <Deployment runDeploymentRoot="_Amris-MacBook-Pro_2025-09-24_08_08_42" />
  </TestSettings>
  <Results>
    <UnitTestResult executionId="155da653-4aa8-4a08-bfc1-ebca156ed422" testId="984aea6f-6508-3c31-b451-47390cbbc319" testName="PetCare.Api.Tests.Controllers.PetsControllerTests.GetAllPets_WhenCalled_ShouldReturnOkWithPetSummaryList" computerName="Amris-MacBook-Pro" duration="00:00:00.0062321" startTime="2025-09-24T08:08:42.3153480+05:30" endTime="2025-09-24T08:08:42.3153480+05:30" testType="13cdc9d9-ddb5-4fa4-a97d-d965ccfc6d4b" outcome="Passed" testListId="8c84fa94-04c1-424b-9868-57a2d4851a1d" relativeResultsDirectory="155da653-4aa8-4a08-bfc1-ebca156ed422" />
    <UnitTestResult executionId="239b71dc-0299-4cc9-9245-b7628288c86c" testId="397bf9f2-404d-39f5-8553-02c2669fd602" testName="PetCare.Api.Tests.Controllers.PetsControllerTests.UpdatePet_ValidRequest_ShouldReturnOkWithUpdatedPet" computerName="Amris-MacBook-Pro" duration="00:00:00.0107841" startTime="2025-09-24T08:08:42.3838470+05:30" endTime="2025-09-24T08:08:42.3838470+05:30" testType="13cdc9d9-ddb5-4fa4-a97d-d965ccfc6d4b" outcome="Passed" testListId="8c84fa94-04c1-424b-9868-57a2d4851a1d" relativeResultsDirectory="239b71dc-0299-4cc9-9245-b7628288c86c" />
    <UnitTestResult executionId="e23f424c-4ac7-4c9f-afbc-2600a022217d" testId="fe95aaf6-b4d1-8052-4936-0cab07818faa" testName="PetCare.Api.Tests.Controllers.PetsControllerTests.CreatePet_ValidRequest_ShouldReturnCreatedAtActionWithPet" computerName="Amris-MacBook-Pro" duration="00:00:00.0235303" startTime="2025-09-24T08:08:42.3088420+05:30" endTime="2025-09-24T08:08:42.3088420+05:30" testType="13cdc9d9-ddb5-4fa4-a97d-d965ccfc6d4b" outcome="Passed" testListId="8c84fa94-04c1-424b-9868-57a2d4851a1d" relativeResultsDirectory="e23f424c-4ac7-4c9f-afbc-2600a022217d" />
    <UnitTestResult executionId="71811567-4d41-45bf-a4b7-c65a7ec38c2b" testId="8d619a0b-8fd3-1c2c-1b05-0690c1d27744" testName="PetCare.Api.Tests.Controllers.PetsControllerTests.GetPetsByOwner_AsAdmin_ShouldReturnOkWithPets" computerName="Amris-MacBook-Pro" duration="00:00:00.0141795" startTime="2025-09-24T08:08:42.3811240+05:30" endTime="2025-09-24T08:08:42.3811240+05:30" testType="13cdc9d9-ddb5-4fa4-a97d-d965ccfc6d4b" outcome="Passed" testListId="8c84fa94-04c1-424b-9868-57a2d4851a1d" relativeResultsDirectory="71811567-4d41-45bf-a4b7-c65a7ec38c2b" />
    <UnitTestResult executionId="b56a02f1-fc45-4090-8b00-e30f24108cd9" testId="33a6efce-8156-c58f-7d29-62f592077912" testName="PetCare.Api.Tests.Controllers.PetsControllerTests.GetMyPets_WithoutUserIdInToken_ShouldReturnUnauthorized" computerName="Amris-MacBook-Pro" duration="00:00:00.0013476" startTime="2025-09-24T08:08:42.3865400+05:30" endTime="2025-09-24T08:08:42.3865400+05:30" testType="13cdc9d9-ddb5-4fa4-a97d-d965ccfc6d4b" outcome="Passed" testListId="8c84fa94-04c1-424b-9868-57a2d4851a1d" relativeResultsDirectory="b56a02f1-fc45-4090-8b00-e30f24108cd9" />
    <UnitTestResult executionId="4784a479-392a-4de7-88d3-3d7b82ec2a55" testId="2057e6d6-eac1-c924-c166-d8a95c10abbf" testName="PetCare.Api.Tests.Controllers.PetsControllerTests.AssignPetToOwner_WhenArgumentException_ShouldReturnBadRequest" computerName="Amris-MacBook-Pro" duration="00:00:00.0071774" startTime="2025-09-24T08:08:42.2419950+05:30" endTime="2025-09-24T08:08:42.2419950+05:30" testType="13cdc9d9-ddb5-4fa4-a97d-d965ccfc6d4b" outcome="Passed" testListId="8c84fa94-04c1-424b-9868-57a2d4851a1d" relativeResultsDirectory="4784a479-392a-4de7-88d3-3d7b82ec2a55" />
    <UnitTestResult executionId="7f4e1b4e-1c31-484f-b926-c776487da593" testId="3b11f201-9794-3efa-c617-0fcb621ba4bc" testName="PetCare.Api.Tests.Controllers.PetsControllerTests.DeletePet_ValidRequest_ShouldReturnNoContent" computerName="Amris-MacBook-Pro" duration="00:00:00.2123774" startTime="2025-09-24T08:08:42.1934390+05:30" endTime="2025-09-24T08:08:42.1934700+05:30" testType="13cdc9d9-ddb5-4fa4-a97d-d965ccfc6d4b" outcome="Passed" testListId="8c84fa94-04c1-424b-9868-57a2d4851a1d" relativeResultsDirectory="7f4e1b4e-1c31-484f-b926-c776487da593" />
    <UnitTestResult executionId="c5967a0e-8f54-44e6-b50c-6449a4310002" testId="80353f49-e8e0-2594-c618-519277f8d134" testName="PetCare.Api.Tests.Controllers.PetsControllerTests.GetPetById_WhenPetNotFound_ShouldReturnNotFound" computerName="Amris-MacBook-Pro" duration="00:00:00.0027753" startTime="2025-09-24T08:08:42.3820630+05:30" endTime="2025-09-24T08:08:42.3820630+05:30" testType="13cdc9d9-ddb5-4fa4-a97d-d965ccfc6d4b" outcome="Passed" testListId="8c84fa94-04c1-424b-9868-57a2d4851a1d" relativeResultsDirectory="c5967a0e-8f54-44e6-b50c-6449a4310002" />
    <UnitTestResult executionId="168a0df6-4be8-4e6c-a5e0-3ec86475e510" testId="74bcfaa7-1507-62bd-66ae-d8b7713f10bf" testName="PetCare.Api.Tests.Controllers.PetsControllerTests.GetPetById_AsOwner_WhenAccessingOthersPet_ShouldReturnForbid" computerName="Amris-MacBook-Pro" duration="00:00:00.0048614" startTime="2025-09-24T08:08:42.3825190+05:30" endTime="2025-09-24T08:08:42.3825190+05:30" testType="13cdc9d9-ddb5-4fa4-a97d-d965ccfc6d4b" outcome="Passed" testListId="8c84fa94-04c1-424b-9868-57a2d4851a1d" relativeResultsDirectory="168a0df6-4be8-4e6c-a5e0-3ec86475e510" />
    <UnitTestResult executionId="63900990-ddb0-4109-b702-1fd78f9cad90" testId="0b9a9d62-7ffe-f05e-77d8-8c1f637c4f56" testName="PetCare.Api.Tests.Controllers.PetsControllerTests.GetPetsByOwner_AsOwner_WhenAccessingOwnPets_ShouldReturnOkWithPets" computerName="Amris-MacBook-Pro" duration="00:00:00.0432036" startTime="2025-09-24T08:08:42.2849310+05:30" endTime="2025-09-24T08:08:42.2849310+05:30" testType="13cdc9d9-ddb5-4fa4-a97d-d965ccfc6d4b" outcome="Passed" testListId="8c84fa94-04c1-424b-9868-57a2d4851a1d" relativeResultsDirectory="63900990-ddb0-4109-b702-1fd78f9cad90" />
    <UnitTestResult executionId="65a9b4d5-7541-4f03-a15e-1fa42adb15c9" testId="070360b2-376d-d7a4-001f-08f27d691772" testName="PetCare.Api.Tests.Controllers.PetsControllerTests.CreatePet_WhenArgumentException_ShouldReturnBadRequest" computerName="Amris-MacBook-Pro" duration="00:00:00.0024459" startTime="2025-09-24T08:08:42.3816130+05:30" endTime="2025-09-24T08:08:42.3816130+05:30" testType="13cdc9d9-ddb5-4fa4-a97d-d965ccfc6d4b" outcome="Passed" testListId="8c84fa94-04c1-424b-9868-57a2d4851a1d" relativeResultsDirectory="65a9b4d5-7541-4f03-a15e-1fa42adb15c9" />
    <UnitTestResult executionId="109b0c65-04f3-432d-834d-6536d6c6137b" testId="7976f4b6-ef5e-284b-da59-f56966c34ff4" testName="PetCare.Api.Tests.Controllers.PetsControllerTests.GetPetById_AsOwner_WhenAccessingOwnPet_ShouldReturnOkWithPet" computerName="Amris-MacBook-Pro" duration="00:00:00.0079121" startTime="2025-09-24T08:08:42.3231690+05:30" endTime="2025-09-24T08:08:42.3231700+05:30" testType="13cdc9d9-ddb5-4fa4-a97d-d965ccfc6d4b" outcome="Passed" testListId="8c84fa94-04c1-424b-9868-57a2d4851a1d" relativeResultsDirectory="109b0c65-04f3-432d-834d-6536d6c6137b" />
    <UnitTestResult executionId="d304bbb7-4759-4a2f-acfa-31a9fddf0806" testId="a2ae8bc0-9792-59b1-550a-030e272dd109" testName="PetCare.Api.Tests.Controllers.PetsControllerTests.GetPetsByOwner_AsOwner_WhenAccessingOthersPets_ShouldReturnForbid" computerName="Amris-MacBook-Pro" duration="00:00:00.0322467" startTime="2025-09-24T08:08:42.2342780+05:30" endTime="2025-09-24T08:08:42.2342780+05:30" testType="13cdc9d9-ddb5-4fa4-a97d-d965ccfc6d4b" outcome="Passed" testListId="8c84fa94-04c1-424b-9868-57a2d4851a1d" relativeResultsDirectory="d304bbb7-4759-4a2f-acfa-31a9fddf0806" />
    <UnitTestResult executionId="211f767b-d7f3-4618-9525-7158777567e8" testId="2a901766-c71c-c810-30c5-3eba38cd5ff3" testName="PetCare.Api.Tests.Controllers.PetsControllerTests.AssignPetToOwner_ValidRequest_ShouldReturnOkWithUpdatedPet" computerName="Amris-MacBook-Pro" duration="00:00:00.0051135" startTime="2025-09-24T08:08:42.3842930+05:30" endTime="2025-09-24T08:08:42.3842930+05:30" testType="13cdc9d9-ddb5-4fa4-a97d-d965ccfc6d4b" outcome="Passed" testListId="8c84fa94-04c1-424b-9868-57a2d4851a1d" relativeResultsDirectory="211f767b-d7f3-4618-9525-7158777567e8" />
    <UnitTestResult executionId="c86db63f-ec7b-426b-9f49-b65a5792b822" testId="0f1bf552-2ff8-1e45-8387-9ebf3ef803e1" testName="PetCare.Api.Tests.Controllers.PetsControllerTests.DeletePet_WhenPetNotFound_ShouldReturnNotFound" computerName="Amris-MacBook-Pro" duration="00:00:00.0094122" startTime="2025-09-24T08:08:42.2101320+05:30" endTime="2025-09-24T08:08:42.2101320+05:30" testType="13cdc9d9-ddb5-4fa4-a97d-d965ccfc6d4b" outcome="Passed" testListId="8c84fa94-04c1-424b-9868-57a2d4851a1d" relativeResultsDirectory="c86db63f-ec7b-426b-9f49-b65a5792b822" />
    <UnitTestResult executionId="448b48e3-0b96-4709-8674-6e204a499440" testId="609ca479-b3af-928b-41a3-e0fd1e763bde" testName="PetCare.Api.Tests.Controllers.PetsControllerTests.GetMyPets_WithValidUser_ShouldReturnOkWithUsersPets" computerName="Amris-MacBook-Pro" duration="00:00:00.0066770" startTime="2025-09-24T08:08:42.3805380+05:30" endTime="2025-09-24T08:08:42.3805380+05:30" testType="13cdc9d9-ddb5-4fa4-a97d-d965ccfc6d4b" outcome="Passed" testListId="8c84fa94-04c1-424b-9868-57a2d4851a1d" relativeResultsDirectory="448b48e3-0b96-4709-8674-6e204a499440" />
    <UnitTestResult executionId="123e997c-f6e8-4ab3-810e-2283b0c3c419" testId="dcc5f751-e3b6-b630-721d-e236282eebad" testName="PetCare.Api.Tests.Controllers.PetsControllerTests.AssignPetToOwner_WhenPetIdMismatch_ShouldReturnBadRequest" computerName="Amris-MacBook-Pro" duration="00:00:00.0008357" startTime="2025-09-24T08:08:42.3834140+05:30" endTime="2025-09-24T08:08:42.3834140+05:30" testType="13cdc9d9-ddb5-4fa4-a97d-d965ccfc6d4b" outcome="Passed" testListId="8c84fa94-04c1-424b-9868-57a2d4851a1d" relativeResultsDirectory="123e997c-f6e8-4ab3-810e-2283b0c3c419" />
    <UnitTestResult executionId="6920ecb5-0068-4fa8-a2e7-752b1ab769b3" testId="1aed987e-b905-8c8c-b685-4b21bfd27801" testName="PetCare.Api.Tests.Controllers.PetsControllerTests.UpdatePet_WhenPetNotFound_ShouldReturnNotFound" computerName="Amris-MacBook-Pro" duration="00:00:00.0049727" startTime="2025-09-24T08:08:42.3289500+05:30" endTime="2025-09-24T08:08:42.3289500+05:30" testType="13cdc9d9-ddb5-4fa4-a97d-d965ccfc6d4b" outcome="Passed" testListId="8c84fa94-04c1-424b-9868-57a2d4851a1d" relativeResultsDirectory="6920ecb5-0068-4fa8-a2e7-752b1ab769b3" />
    <UnitTestResult executionId="48a744d0-c1d9-403d-b1d6-8574a3a3270f" testId="f4af2fbd-7a8e-eefd-0662-1da805007803" testName="PetCare.Api.Tests.Controllers.PetsControllerTests.GetPetById_AsAdmin_WhenPetExists_ShouldReturnOkWithPet" computerName="Amris-MacBook-Pro" duration="00:00:00.0031030" startTime="2025-09-24T08:08:42.3829620+05:30" endTime="2025-09-24T08:08:42.3829620+05:30" testType="13cdc9d9-ddb5-4fa4-a97d-d965ccfc6d4b" outcome="Passed" testListId="8c84fa94-04c1-424b-9868-57a2d4851a1d" relativeResultsDirectory="48a744d0-c1d9-403d-b1d6-8574a3a3270f" />
  </Results>
  <TestDefinitions>
    <UnitTest name="PetCare.Api.Tests.Controllers.PetsControllerTests.CreatePet_ValidRequest_ShouldReturnCreatedAtActionWithPet" storage="/users/amrifazlul/downloads/petcareplus2/backend/tests/petcare.api.tests/bin/debug/net9.0/petcare.api.tests.dll" id="fe95aaf6-b4d1-8052-4936-0cab07818faa">
      <Execution id="e23f424c-4ac7-4c9f-afbc-2600a022217d" />
      <TestMethod codeBase="/Users/amrifazlul/Downloads/PetCarePlus2/backend/tests/PetCare.Api.Tests/bin/Debug/net9.0/PetCare.Api.Tests.dll" adapterTypeName="executor://xunit/VsTestRunner2/netcoreapp" className="PetCare.Api.Tests.Controllers.PetsControllerTests" name="CreatePet_ValidRequest_ShouldReturnCreatedAtActionWithPet" />
    </UnitTest>
    <UnitTest name="PetCare.Api.Tests.Controllers.PetsControllerTests.GetPetById_WhenPetNotFound_ShouldReturnNotFound" storage="/users/amrifazlul/downloads/petcareplus2/backend/tests/petcare.api.tests/bin/debug/net9.0/petcare.api.tests.dll" id="80353f49-e8e0-2594-c618-519277f8d134">
      <Execution id="c5967a0e-8f54-44e6-b50c-6449a4310002" />
      <TestMethod codeBase="/Users/amrifazlul/Downloads/PetCarePlus2/backend/tests/PetCare.Api.Tests/bin/Debug/net9.0/PetCare.Api.Tests.dll" adapterTypeName="executor://xunit/VsTestRunner2/netcoreapp" className="PetCare.Api.Tests.Controllers.PetsControllerTests" name="GetPetById_WhenPetNotFound_ShouldReturnNotFound" />
    </UnitTest>
    <UnitTest name="PetCare.Api.Tests.Controllers.PetsControllerTests.DeletePet_WhenPetNotFound_ShouldReturnNotFound" storage="/users/amrifazlul/downloads/petcareplus2/backend/tests/petcare.api.tests/bin/debug/net9.0/petcare.api.tests.dll" id="0f1bf552-2ff8-1e45-8387-9ebf3ef803e1">
      <Execution id="c86db63f-ec7b-426b-9f49-b65a5792b822" />
      <TestMethod codeBase="/Users/amrifazlul/Downloads/PetCarePlus2/backend/tests/PetCare.Api.Tests/bin/Debug/net9.0/PetCare.Api.Tests.dll" adapterTypeName="executor://xunit/VsTestRunner2/netcoreapp" className="PetCare.Api.Tests.Controllers.PetsControllerTests" name="DeletePet_WhenPetNotFound_ShouldReturnNotFound" />
    </UnitTest>
    <UnitTest name="PetCare.Api.Tests.Controllers.PetsControllerTests.GetPetById_AsAdmin_WhenPetExists_ShouldReturnOkWithPet" storage="/users/amrifazlul/downloads/petcareplus2/backend/tests/petcare.api.tests/bin/debug/net9.0/petcare.api.tests.dll" id="f4af2fbd-7a8e-eefd-0662-1da805007803">
      <Execution id="48a744d0-c1d9-403d-b1d6-8574a3a3270f" />
      <TestMethod codeBase="/Users/amrifazlul/Downloads/PetCarePlus2/backend/tests/PetCare.Api.Tests/bin/Debug/net9.0/PetCare.Api.Tests.dll" adapterTypeName="executor://xunit/VsTestRunner2/netcoreapp" className="PetCare.Api.Tests.Controllers.PetsControllerTests" name="GetPetById_AsAdmin_WhenPetExists_ShouldReturnOkWithPet" />
    </UnitTest>
    <UnitTest name="PetCare.Api.Tests.Controllers.PetsControllerTests.GetPetsByOwner_AsOwner_WhenAccessingOthersPets_ShouldReturnForbid" storage="/users/amrifazlul/downloads/petcareplus2/backend/tests/petcare.api.tests/bin/debug/net9.0/petcare.api.tests.dll" id="a2ae8bc0-9792-59b1-550a-030e272dd109">
      <Execution id="d304bbb7-4759-4a2f-acfa-31a9fddf0806" />
      <TestMethod codeBase="/Users/amrifazlul/Downloads/PetCarePlus2/backend/tests/PetCare.Api.Tests/bin/Debug/net9.0/PetCare.Api.Tests.dll" adapterTypeName="executor://xunit/VsTestRunner2/netcoreapp" className="PetCare.Api.Tests.Controllers.PetsControllerTests" name="GetPetsByOwner_AsOwner_WhenAccessingOthersPets_ShouldReturnForbid" />
    </UnitTest>
    <UnitTest name="PetCare.Api.Tests.Controllers.PetsControllerTests.CreatePet_WhenArgumentException_ShouldReturnBadRequest" storage="/users/amrifazlul/downloads/petcareplus2/backend/tests/petcare.api.tests/bin/debug/net9.0/petcare.api.tests.dll" id="070360b2-376d-d7a4-001f-08f27d691772">
      <Execution id="65a9b4d5-7541-4f03-a15e-1fa42adb15c9" />
      <TestMethod codeBase="/Users/amrifazlul/Downloads/PetCarePlus2/backend/tests/PetCare.Api.Tests/bin/Debug/net9.0/PetCare.Api.Tests.dll" adapterTypeName="executor://xunit/VsTestRunner2/netcoreapp" className="PetCare.Api.Tests.Controllers.PetsControllerTests" name="CreatePet_WhenArgumentException_ShouldReturnBadRequest" />
    </UnitTest>
    <UnitTest name="PetCare.Api.Tests.Controllers.PetsControllerTests.GetMyPets_WithValidUser_ShouldReturnOkWithUsersPets" storage="/users/amrifazlul/downloads/petcareplus2/backend/tests/petcare.api.tests/bin/debug/net9.0/petcare.api.tests.dll" id="609ca479-b3af-928b-41a3-e0fd1e763bde">
      <Execution id="448b48e3-0b96-4709-8674-6e204a499440" />
      <TestMethod codeBase="/Users/amrifazlul/Downloads/PetCarePlus2/backend/tests/PetCare.Api.Tests/bin/Debug/net9.0/PetCare.Api.Tests.dll" adapterTypeName="executor://xunit/VsTestRunner2/netcoreapp" className="PetCare.Api.Tests.Controllers.PetsControllerTests" name="GetMyPets_WithValidUser_ShouldReturnOkWithUsersPets" />
    </UnitTest>
    <UnitTest name="PetCare.Api.Tests.Controllers.PetsControllerTests.DeletePet_ValidRequest_ShouldReturnNoContent" storage="/users/amrifazlul/downloads/petcareplus2/backend/tests/petcare.api.tests/bin/debug/net9.0/petcare.api.tests.dll" id="3b11f201-9794-3efa-c617-0fcb621ba4bc">
      <Execution id="7f4e1b4e-1c31-484f-b926-c776487da593" />
      <TestMethod codeBase="/Users/amrifazlul/Downloads/PetCarePlus2/backend/tests/PetCare.Api.Tests/bin/Debug/net9.0/PetCare.Api.Tests.dll" adapterTypeName="executor://xunit/VsTestRunner2/netcoreapp" className="PetCare.Api.Tests.Controllers.PetsControllerTests" name="DeletePet_ValidRequest_ShouldReturnNoContent" />
    </UnitTest>
    <UnitTest name="PetCare.Api.Tests.Controllers.PetsControllerTests.AssignPetToOwner_WhenPetIdMismatch_ShouldReturnBadRequest" storage="/users/amrifazlul/downloads/petcareplus2/backend/tests/petcare.api.tests/bin/debug/net9.0/petcare.api.tests.dll" id="dcc5f751-e3b6-b630-721d-e236282eebad">
      <Execution id="123e997c-f6e8-4ab3-810e-2283b0c3c419" />
      <TestMethod codeBase="/Users/amrifazlul/Downloads/PetCarePlus2/backend/tests/PetCare.Api.Tests/bin/Debug/net9.0/PetCare.Api.Tests.dll" adapterTypeName="executor://xunit/VsTestRunner2/netcoreapp" className="PetCare.Api.Tests.Controllers.PetsControllerTests" name="AssignPetToOwner_WhenPetIdMismatch_ShouldReturnBadRequest" />
    </UnitTest>
    <UnitTest name="PetCare.Api.Tests.Controllers.PetsControllerTests.AssignPetToOwner_ValidRequest_ShouldReturnOkWithUpdatedPet" storage="/users/amrifazlul/downloads/petcareplus2/backend/tests/petcare.api.tests/bin/debug/net9.0/petcare.api.tests.dll" id="2a901766-c71c-c810-30c5-3eba38cd5ff3">
      <Execution id="211f767b-d7f3-4618-9525-7158777567e8" />
      <TestMethod codeBase="/Users/amrifazlul/Downloads/PetCarePlus2/backend/tests/PetCare.Api.Tests/bin/Debug/net9.0/PetCare.Api.Tests.dll" adapterTypeName="executor://xunit/VsTestRunner2/netcoreapp" className="PetCare.Api.Tests.Controllers.PetsControllerTests" name="AssignPetToOwner_ValidRequest_ShouldReturnOkWithUpdatedPet" />
    </UnitTest>
    <UnitTest name="PetCare.Api.Tests.Controllers.PetsControllerTests.GetAllPets_WhenCalled_ShouldReturnOkWithPetSummaryList" storage="/users/amrifazlul/downloads/petcareplus2/backend/tests/petcare.api.tests/bin/debug/net9.0/petcare.api.tests.dll" id="984aea6f-6508-3c31-b451-47390cbbc319">
      <Execution id="155da653-4aa8-4a08-bfc1-ebca156ed422" />
      <TestMethod codeBase="/Users/amrifazlul/Downloads/PetCarePlus2/backend/tests/PetCare.Api.Tests/bin/Debug/net9.0/PetCare.Api.Tests.dll" adapterTypeName="executor://xunit/VsTestRunner2/netcoreapp" className="PetCare.Api.Tests.Controllers.PetsControllerTests" name="GetAllPets_WhenCalled_ShouldReturnOkWithPetSummaryList" />
    </UnitTest>
    <UnitTest name="PetCare.Api.Tests.Controllers.PetsControllerTests.GetPetsByOwner_AsAdmin_ShouldReturnOkWithPets" storage="/users/amrifazlul/downloads/petcareplus2/backend/tests/petcare.api.tests/bin/debug/net9.0/petcare.api.tests.dll" id="8d619a0b-8fd3-1c2c-1b05-0690c1d27744">
      <Execution id="71811567-4d41-45bf-a4b7-c65a7ec38c2b" />
      <TestMethod codeBase="/Users/amrifazlul/Downloads/PetCarePlus2/backend/tests/PetCare.Api.Tests/bin/Debug/net9.0/PetCare.Api.Tests.dll" adapterTypeName="executor://xunit/VsTestRunner2/netcoreapp" className="PetCare.Api.Tests.Controllers.PetsControllerTests" name="GetPetsByOwner_AsAdmin_ShouldReturnOkWithPets" />
    </UnitTest>
    <UnitTest name="PetCare.Api.Tests.Controllers.PetsControllerTests.UpdatePet_WhenPetNotFound_ShouldReturnNotFound" storage="/users/amrifazlul/downloads/petcareplus2/backend/tests/petcare.api.tests/bin/debug/net9.0/petcare.api.tests.dll" id="1aed987e-b905-8c8c-b685-4b21bfd27801">
      <Execution id="6920ecb5-0068-4fa8-a2e7-752b1ab769b3" />
      <TestMethod codeBase="/Users/amrifazlul/Downloads/PetCarePlus2/backend/tests/PetCare.Api.Tests/bin/Debug/net9.0/PetCare.Api.Tests.dll" adapterTypeName="executor://xunit/VsTestRunner2/netcoreapp" className="PetCare.Api.Tests.Controllers.PetsControllerTests" name="UpdatePet_WhenPetNotFound_ShouldReturnNotFound" />
    </UnitTest>
    <UnitTest name="PetCare.Api.Tests.Controllers.PetsControllerTests.GetPetById_AsOwner_WhenAccessingOthersPet_ShouldReturnForbid" storage="/users/amrifazlul/downloads/petcareplus2/backend/tests/petcare.api.tests/bin/debug/net9.0/petcare.api.tests.dll" id="74bcfaa7-1507-62bd-66ae-d8b7713f10bf">
      <Execution id="168a0df6-4be8-4e6c-a5e0-3ec86475e510" />
      <TestMethod codeBase="/Users/amrifazlul/Downloads/PetCarePlus2/backend/tests/PetCare.Api.Tests/bin/Debug/net9.0/PetCare.Api.Tests.dll" adapterTypeName="executor://xunit/VsTestRunner2/netcoreapp" className="PetCare.Api.Tests.Controllers.PetsControllerTests" name="GetPetById_AsOwner_WhenAccessingOthersPet_ShouldReturnForbid" />
    </UnitTest>
    <UnitTest name="PetCare.Api.Tests.Controllers.PetsControllerTests.AssignPetToOwner_WhenArgumentException_ShouldReturnBadRequest" storage="/users/amrifazlul/downloads/petcareplus2/backend/tests/petcare.api.tests/bin/debug/net9.0/petcare.api.tests.dll" id="2057e6d6-eac1-c924-c166-d8a95c10abbf">
      <Execution id="4784a479-392a-4de7-88d3-3d7b82ec2a55" />
      <TestMethod codeBase="/Users/amrifazlul/Downloads/PetCarePlus2/backend/tests/PetCare.Api.Tests/bin/Debug/net9.0/PetCare.Api.Tests.dll" adapterTypeName="executor://xunit/VsTestRunner2/netcoreapp" className="PetCare.Api.Tests.Controllers.PetsControllerTests" name="AssignPetToOwner_WhenArgumentException_ShouldReturnBadRequest" />
    </UnitTest>
    <UnitTest name="PetCare.Api.Tests.Controllers.PetsControllerTests.GetMyPets_WithoutUserIdInToken_ShouldReturnUnauthorized" storage="/users/amrifazlul/downloads/petcareplus2/backend/tests/petcare.api.tests/bin/debug/net9.0/petcare.api.tests.dll" id="33a6efce-8156-c58f-7d29-62f592077912">
      <Execution id="b56a02f1-fc45-4090-8b00-e30f24108cd9" />
      <TestMethod codeBase="/Users/amrifazlul/Downloads/PetCarePlus2/backend/tests/PetCare.Api.Tests/bin/Debug/net9.0/PetCare.Api.Tests.dll" adapterTypeName="executor://xunit/VsTestRunner2/netcoreapp" className="PetCare.Api.Tests.Controllers.PetsControllerTests" name="GetMyPets_WithoutUserIdInToken_ShouldReturnUnauthorized" />
    </UnitTest>
    <UnitTest name="PetCare.Api.Tests.Controllers.PetsControllerTests.UpdatePet_ValidRequest_ShouldReturnOkWithUpdatedPet" storage="/users/amrifazlul/downloads/petcareplus2/backend/tests/petcare.api.tests/bin/debug/net9.0/petcare.api.tests.dll" id="397bf9f2-404d-39f5-8553-02c2669fd602">
      <Execution id="239b71dc-0299-4cc9-9245-b7628288c86c" />
      <TestMethod codeBase="/Users/amrifazlul/Downloads/PetCarePlus2/backend/tests/PetCare.Api.Tests/bin/Debug/net9.0/PetCare.Api.Tests.dll" adapterTypeName="executor://xunit/VsTestRunner2/netcoreapp" className="PetCare.Api.Tests.Controllers.PetsControllerTests" name="UpdatePet_ValidRequest_ShouldReturnOkWithUpdatedPet" />
    </UnitTest>
    <UnitTest name="PetCare.Api.Tests.Controllers.PetsControllerTests.GetPetById_AsOwner_WhenAccessingOwnPet_ShouldReturnOkWithPet" storage="/users/amrifazlul/downloads/petcareplus2/backend/tests/petcare.api.tests/bin/debug/net9.0/petcare.api.tests.dll" id="7976f4b6-ef5e-284b-da59-f56966c34ff4">
      <Execution id="109b0c65-04f3-432d-834d-6536d6c6137b" />
      <TestMethod codeBase="/Users/amrifazlul/Downloads/PetCarePlus2/backend/tests/PetCare.Api.Tests/bin/Debug/net9.0/PetCare.Api.Tests.dll" adapterTypeName="executor://xunit/VsTestRunner2/netcoreapp" className="PetCare.Api.Tests.Controllers.PetsControllerTests" name="GetPetById_AsOwner_WhenAccessingOwnPet_ShouldReturnOkWithPet" />
    </UnitTest>
    <UnitTest name="PetCare.Api.Tests.Controllers.PetsControllerTests.GetPetsByOwner_AsOwner_WhenAccessingOwnPets_ShouldReturnOkWithPets" storage="/users/amrifazlul/downloads/petcareplus2/backend/tests/petcare.api.tests/bin/debug/net9.0/petcare.api.tests.dll" id="0b9a9d62-7ffe-f05e-77d8-8c1f637c4f56">
      <Execution id="63900990-ddb0-4109-b702-1fd78f9cad90" />
      <TestMethod codeBase="/Users/amrifazlul/Downloads/PetCarePlus2/backend/tests/PetCare.Api.Tests/bin/Debug/net9.0/PetCare.Api.Tests.dll" adapterTypeName="executor://xunit/VsTestRunner2/netcoreapp" className="PetCare.Api.Tests.Controllers.PetsControllerTests" name="GetPetsByOwner_AsOwner_WhenAccessingOwnPets_ShouldReturnOkWithPets" />
    </UnitTest>
  </TestDefinitions>
  <TestEntries>
    <TestEntry testId="984aea6f-6508-3c31-b451-47390cbbc319" executionId="155da653-4aa8-4a08-bfc1-ebca156ed422" testListId="8c84fa94-04c1-424b-9868-57a2d4851a1d" />
    <TestEntry testId="397bf9f2-404d-39f5-8553-02c2669fd602" executionId="239b71dc-0299-4cc9-9245-b7628288c86c" testListId="8c84fa94-04c1-424b-9868-57a2d4851a1d" />
    <TestEntry testId="fe95aaf6-b4d1-8052-4936-0cab07818faa" executionId="e23f424c-4ac7-4c9f-afbc-2600a022217d" testListId="8c84fa94-04c1-424b-9868-57a2d4851a1d" />
    <TestEntry testId="8d619a0b-8fd3-1c2c-1b05-0690c1d27744" executionId="71811567-4d41-45bf-a4b7-c65a7ec38c2b" testListId="8c84fa94-04c1-424b-9868-57a2d4851a1d" />
    <TestEntry testId="33a6efce-8156-c58f-7d29-62f592077912" executionId="b56a02f1-fc45-4090-8b00-e30f24108cd9" testListId="8c84fa94-04c1-424b-9868-57a2d4851a1d" />
    <TestEntry testId="2057e6d6-eac1-c924-c166-d8a95c10abbf" executionId="4784a479-392a-4de7-88d3-3d7b82ec2a55" testListId="8c84fa94-04c1-424b-9868-57a2d4851a1d" />
    <TestEntry testId="3b11f201-9794-3efa-c617-0fcb621ba4bc" executionId="7f4e1b4e-1c31-484f-b926-c776487da593" testListId="8c84fa94-04c1-424b-9868-57a2d4851a1d" />
    <TestEntry testId="80353f49-e8e0-2594-c618-519277f8d134" executionId="c5967a0e-8f54-44e6-b50c-6449a4310002" testListId="8c84fa94-04c1-424b-9868-57a2d4851a1d" />
    <TestEntry testId="74bcfaa7-1507-62bd-66ae-d8b7713f10bf" executionId="168a0df6-4be8-4e6c-a5e0-3ec86475e510" testListId="8c84fa94-04c1-424b-9868-57a2d4851a1d" />
    <TestEntry testId="0b9a9d62-7ffe-f05e-77d8-8c1f637c4f56" executionId="63900990-ddb0-4109-b702-1fd78f9cad90" testListId="8c84fa94-04c1-424b-9868-57a2d4851a1d" />
    <TestEntry testId="070360b2-376d-d7a4-001f-08f27d691772" executionId="65a9b4d5-7541-4f03-a15e-1fa42adb15c9" testListId="8c84fa94-04c1-424b-9868-57a2d4851a1d" />
    <TestEntry testId="7976f4b6-ef5e-284b-da59-f56966c34ff4" executionId="109b0c65-04f3-432d-834d-6536d6c6137b" testListId="8c84fa94-04c1-424b-9868-57a2d4851a1d" />
    <TestEntry testId="a2ae8bc0-9792-59b1-550a-030e272dd109" executionId="d304bbb7-4759-4a2f-acfa-31a9fddf0806" testListId="8c84fa94-04c1-424b-9868-57a2d4851a1d" />
    <TestEntry testId="2a901766-c71c-c810-30c5-3eba38cd5ff3" executionId="211f767b-d7f3-4618-9525-7158777567e8" testListId="8c84fa94-04c1-424b-9868-57a2d4851a1d" />
    <TestEntry testId="0f1bf552-2ff8-1e45-8387-9ebf3ef803e1" executionId="c86db63f-ec7b-426b-9f49-b65a5792b822" testListId="8c84fa94-04c1-424b-9868-57a2d4851a1d" />
    <TestEntry testId="609ca479-b3af-928b-41a3-e0fd1e763bde" executionId="448b48e3-0b96-4709-8674-6e204a499440" testListId="8c84fa94-04c1-424b-9868-57a2d4851a1d" />
    <TestEntry testId="dcc5f751-e3b6-b630-721d-e236282eebad" executionId="123e997c-f6e8-4ab3-810e-2283b0c3c419" testListId="8c84fa94-04c1-424b-9868-57a2d4851a1d" />
    <TestEntry testId="1aed987e-b905-8c8c-b685-4b21bfd27801" executionId="6920ecb5-0068-4fa8-a2e7-752b1ab769b3" testListId="8c84fa94-04c1-424b-9868-57a2d4851a1d" />
    <TestEntry testId="f4af2fbd-7a8e-eefd-0662-1da805007803" executionId="48a744d0-c1d9-403d-b1d6-8574a3a3270f" testListId="8c84fa94-04c1-424b-9868-57a2d4851a1d" />
  </TestEntries>
  <TestLists>
    <TestList name="Results Not in a List" id="8c84fa94-04c1-424b-9868-57a2d4851a1d" />
    <TestList name="All Loaded Results" id="19431567-8539-422a-85d7-44ee4e166bda" />
  </TestLists>
  <ResultSummary outcome="Completed">
    <Counters total="19" executed="19" passed="19" failed="0" error="0" timeout="0" aborted="0" inconclusive="0" passedButRunAborted="0" notRunnable="0" notExecuted="0" disconnected="0" warning="0" completed="0" inProgress="0" pending="0" />
    <Output>
      <StdOut>[xUnit.net 00:00:00.00] xUnit.net VSTest Adapter v2.8.2+699d445a1a (64-bit .NET 9.0.8)
[xUnit.net 00:00:00.12]   Discovering: PetCare.Api.Tests
[xUnit.net 00:00:00.16]   Discovered:  PetCare.Api.Tests
[xUnit.net 00:00:00.17]   Starting:    PetCare.Api.Tests
     Warning:
     The component "Fluent Assertions" is governed by the rules defined in the Xceed License Agreement and
     the Xceed Fluent Assertions Community License. You may use Fluent Assertions free of charge for
     non-commercial use only. An active subscription is required to use Fluent Assertions for commercial use.
     Please contact Xceed Sales mailto:sales@xceed.com to acquire a subscription at a very low cost.
     A paid commercial license supports the development and continued increasing support of
     Fluent Assertions users under both commercial and community licenses. Help us
     keep Fluent Assertions at the forefront of unit testing.
     For more information, visit https://xceed.com/products/unit-testing/fluent-assertions/
[xUnit.net 00:00:00.78]   Finished:    PetCare.Api.Tests
</StdOut>
    </Output>
    <CollectorDataEntries>
      <Collector agentName="Amris-MacBook-Pro" uri="datacollector://microsoft/CoverletCodeCoverage/1.0" collectorDisplayName="XPlat code coverage">
        <UriAttachments>
          <UriAttachment>
            <A href="Amris-MacBook-Pro/coverage.cobertura.xml"></A>
          </UriAttachment>
        </UriAttachments>
      </Collector>
    </CollectorDataEntries>
  </ResultSummary>
</TestRun>